******************************************************************************
               TMS320C6x Linker PC v7.4.4                      
******************************************************************************
>> Linked Tue Jun 22 14:07:56 2021

OUTPUT FILE NAME:   <2eme_session.out>
ENTRY POINT SYMBOL: "_c_int00"  address: 00805c60


MEMORY CONFIGURATION

         name            origin    length      used     unused   attr    fill
----------------------  --------  ---------  --------  --------  ----  --------
  L2SRAM                00800000   00080000  0001095b  0006f6a5  RWIX


SEGMENT ALLOCATION MAP

run origin  load origin   length   init length attrs members
----------  ----------- ---------- ----------- ----- -------
00800000    00800000    000061e0   000061e0    r-x
  00800000    00800000    000061e0   000061e0    r-x .text
008061e0    008061e0    0000a000   00000000    rw-
  008061e0    008061e0    00005000   00000000    rw- .stack
  0080b1e0    0080b1e0    00005000   00000000    rw- .sysmem
008101e0    008101e0    0000031c   0000031c    rw-
  008101e0    008101e0    0000031c   0000031c    rw- .fardata
00810500    00810500    00000163   00000163    r--
  00810500    00810500    00000163   00000163    r-- .const
00810668    00810668    00000268   00000000    rw-
  00810668    00810668    00000148   00000000    rw- .far
  008107b0    008107b0    00000120   00000000    rw- .cio
008108d0    008108d0    00000094   00000094    r--
  008108d0    008108d0    00000094   00000094    r-- .cinit


SECTION ALLOCATION MAP

 output                                  attributes/
section   page    origin      length       input sections
--------  ----  ----------  ----------   ----------------
.text      0    00800000    000061e0     
                  00800000    000005c0     rts6600_elf.lib : divd.obj (.text:__c6xabi_divd)
                  008005c0    000005c0                     : _printfi.obj (.text:_getarg_diouxp)
                  00800b80    00000460                     : _printfi.obj (.text:_printfi)
                  00800fe0    00000460                     : _printfi.obj (.text:_setfield)
                  00801440    000003a0                     : fputs.obj (.text:fputs)
                  008017e0    00000320                     : _printfi.obj (.text:_pproc_fge)
                  00801b00    000002e0                     : _printfi.obj (.text:_pproc_fwp)
                  00801de0    000002a0                     : _printfi.obj (.text:fcvt)
                  00802080    00000280                     : _printfi.obj (.text:ecvt)
                  00802300    00000280                     : memory.obj (.text:free)
                  00802580    00000240                     : imath64.obj (.text:__c6xabi_divull)
                  008027c0    00000240                     : _printfi.obj (.text:_pconv_e)
                  00802a00    00000240                     : _printfi.obj (.text:_pproc_diouxp)
                  00802c40    00000220                     : _printfi.obj (.text:_pproc_str)
                  00802e60    00000220                     : fputc.obj (.text:fputc)
                  00803080    00000200                     : _printfi.obj (.text:_pconv_g)
                  00803280    00000200                     : setvbuf.obj (.text:setvbuf)
                  00803480    000001c0                     : _printfi.obj (.text:_mcpy)
                  00803640    000001c0     mainfloat.obj (.text)
                  00803800    000001a0     rts6600_elf.lib : trgdrv.obj (.text:HOSTrename)
                  008039a0    000001a0                     : imath40.obj (.text:__c6xabi_divul)
                  00803b40    00000180                     : copy_decompress_rle.obj (.text:__TI_decompress_rle_core)
                  00803cc0    00000180                     : memory.obj (.text:malloc)
                  00803e40    00000140                     : _printfi.obj (.text:_pproc_fflags)
                  00803f80    00000140                     : lowlev.obj (.text:getdevice)
                  008040c0    00000120                     : fclose.obj (.text:_closefile)
                  008041e0    00000120                     : _printfi.obj (.text:_ltostr)
                  00804300    00000120                     : fseek.obj (.text:fseek)
                  00804420    00000100                     : trgdrv.obj (.text:HOSTlseek)
                  00804520    00000100                     : autoinit.obj (.text:_auto_init_elf)
                  00804620    00000100                     : _io_perm.obj (.text:_wrt_ok)
                  00804720    00000100                     : cpy_tbl.obj (.text:copy_in)
                  00804820    000000e0                     : trgdrv.obj (.text:HOSTopen)
                  00804900    000000e0                     : _printfi.obj (.text:_div)
                  008049e0    000000e0                     : atoi.obj (.text:atoi)
                  00804ac0    000000e0                     : lowlev.obj (.text:close)
                  00804ba0    000000e0                     : copy_zero_init.obj (.text:decompress:ZI:__TI_zero_init)
                  00804c80    000000e0                     : ltoa.obj (.text:ltoa)
                  00804d60    000000e0                     : memset.obj (.text:memset)
                  00804e40    000000e0                     : printf.obj (.text:printf)
                  00804f20    000000c0                     : trgdrv.obj (.text:HOSTread)
                  00804fe0    000000c0                     : trgdrv.obj (.text:HOSTunlink)
                  008050a0    000000c0                     : trgdrv.obj (.text:HOSTwrite)
                  00805160    000000c0                     : divu.obj (.text:__divu)
                  00805220    000000c0                     : fflush.obj (.text:_doflush)
                  008052e0    000000c0                     : exit.obj (.text:exit)
                  008053a0    000000c0                     : tls.obj (.text:tls:init:__TI_tls_init)
                  00805460    000000a0                     : trgdrv.obj (.text:HOSTclose)
                  00805500    000000a0                     : fopen.obj (.text:_cleanup)
                  008055a0    000000a0                     : _printfi.obj (.text:_ecpy)
                  00805640    000000a0                     : _printfi.obj (.text:_fcpy)
                  008056e0    000000a0                     : memory.obj (.text:_minit)
                  00805780    000000a0                     : _printfi.obj (.text:_pconv_f)
                  00805820    000000a0                     : lowlev.obj (.text:finddevice)
                  008058c0    000000a0                     : lowlev.obj (.text:lseek)
                  00805960    000000a0                     : memcpy64.obj (.text:memcpy)
                  00805a00    000000a0                     : memory.obj (.text:minsert)
                  00805aa0    000000a0                     : memory.obj (.text:mremove)
                  00805b40    000000a0                     : lowlev.obj (.text:write)
                  00805be0    00000080                     : llshift.obj (.text:__c6xabi_llshl)
                  00805c60    00000080                     : boot.obj (.text:_c_int00)
                  00805ce0    00000080                     : trgmsg.obj (.text:readmsg)
                  00805d60    00000080                     : lowlev.obj (.text:unlink)
                  00805de0    00000060                     : cpp_init.obj (.text:__TI_cpp_init)
                  00805e40    00000060                     : frcmpyd_div.obj (.text:__c6xabi_frcmpyd_div)
                  00805ea0    00000060                     : llshift.obj (.text:__c6xabi_llshru)
                  00805f00    00000060                     : imath64.obj (.text:_subcull)
                  00805f60    00000060                     : memccpy.obj (.text:memccpy)
                  00805fc0    00000060                     : trgmsg.obj (.text:writemsg)
                  00806020    00000040                     : isinf.obj (.text:__c6xabi_isinf)
                  00806060    00000040                     : _printfi.obj (.text:__c6xabi_isnan)
                  008060a0    00000040                     : args_main.obj (.text:_args_main)
                  008060e0    00000020                     : negll.obj (.text:__c6xabi_negll)
                  00806100    00000020                     : _lock.obj (.text:_nop)
                  00806120    00000020                     : printf.obj (.text:_outc)
                  00806140    00000020                     : printf.obj (.text:_outs)
                  00806160    00000020                     : exit.obj (.text:abort)
                  00806180    00000020     csl_tsc.obj (.text:cslsys_section:tsc)
                  008061a0    00000020     rts6600_elf.lib : copy_decompress_none.obj (.text:decompress:none:__TI_decompress_none)
                  008061c0    00000020                     : copy_decompress_rle.obj (.text:decompress:rle24:__TI_decompress_rle24)

.stack     0    008061e0    00005000     UNINITIALIZED
                  008061e0    00000008     rts6600_elf.lib : boot.obj (.stack)
                  008061e8    00004ff8     --HOLE--

.sysmem    0    0080b1e0    00005000     UNINITIALIZED
                  0080b1e0    00000008     rts6600_elf.lib : memory.obj (.sysmem)
                  0080b1e8    00004ff8     --HOLE--

.fardata   0    008101e0    0000031c     
                  008101e0    000001e0     rts6600_elf.lib : defs.obj (.fardata:_ftable)
                  008103c0    000000a0                     : lowlev.obj (.fardata:_stream)
                  00810460    00000078                     : lowlev.obj (.fardata:_device)
                  008104d8    0000000c                     : exit.obj (.fardata)
                  008104e4    0000000c                     : memory.obj (.fardata)
                  008104f0    00000008                     : _lock.obj (.fardata)
                  008104f8    00000004                     : defs.obj (.fardata)

.const     0    00810500    00000163     
                  00810500    00000101     rts6600_elf.lib : ctype.obj (.const:.string:_ctypes_)
                  00810601    00000003     --HOLE-- [fill = 0]
                  00810604    0000003c     mainfloat.obj (.const:.string)
                  00810640    00000023     rts6600_elf.lib : _printfi.obj (.const:.string)

.far       0    00810668    00000148     UNINITIALIZED
                  00810668    00000140     rts6600_elf.lib : defs.obj (.far)
                  008107a8    00000008                     : trgdrv.obj (.far)

.cio       0    008107b0    00000120     UNINITIALIZED
                  008107b0    00000120     rts6600_elf.lib : trgmsg.obj (.cio)

.cinit     0    008108d0    00000094     
                  008108d0    00000070     (.cinit..fardata.load) [load image, compression = rle]
                  00810940    0000000c     (__TI_handler_table)
                  0081094c    00000008     (.cinit..far.load) [load image, compression = zero_init]
                  00810954    00000010     (__TI_cinit_table)


LINKER GENERATED COPY TABLES

__TI_cinit_table @ 00810954 records: 2, size/record: 8, table size: 16
	.fardata: load addr=008108d0, load size=00000070 bytes, run addr=008101e0, run size=0000031c bytes, compression=rle
	.far: load addr=0081094c, load size=00000008 bytes, run addr=00810668, run size=00000148 bytes, compression=zero_init


LINKER GENERATED HANDLER TABLE

__TI_handler_table @ 00810940 records: 3, size/record: 4, table size: 12
	index: 0, handler: __TI_zero_init
	index: 1, handler: __TI_decompress_rle24
	index: 2, handler: __TI_decompress_none


GLOBAL SYMBOLS: SORTED ALPHABETICALLY BY Name 

address    name
--------   ----
00806160   C$$EXIT
00806018   C$$IO$$
00805460   HOSTclose
00804420   HOSTlseek
00804820   HOSTopen
00804f20   HOSTread
00803800   HOSTrename
00804fe0   HOSTunlink
008050a0   HOSTwrite
00806180   _CSL_tscEnable
00806188   _CSL_tscRead
008107b0   __CIOBUF_
00810954   __TI_CINIT_Base
00810964   __TI_CINIT_Limit
00810940   __TI_Handler_Table_Base
0081094c   __TI_Handler_Table_Limit
UNDEFED    __TI_INITARRAY_Base
UNDEFED    __TI_INITARRAY_Limit
0080b1e0   __TI_STACK_END
00005000   __TI_STACK_SIZE
00000000   __TI_STATIC_BASE
00005000   __TI_SYSMEM_SIZE
UNDEFED    __TI_TLS_INIT_Base
UNDEFED    __TI_TLS_INIT_Limit
00000001   __TI_args_main
00805de0   __TI_cpp_init
008061a0   __TI_decompress_none
008061c0   __TI_decompress_rle24
008104e0   __TI_enable_exit_profile_output
ffffffff   __TI_pprof_out_hndl
ffffffff   __TI_prof_data_size
ffffffff   __TI_prof_data_start
008053a0   __TI_tls_init
00804ba0   __TI_zero_init
ffffffff   __binit__
00800000   __c6xabi_divd
00805160   __c6xabi_divu
008039a0   __c6xabi_divul
00802580   __c6xabi_divull
00805e40   __c6xabi_frcmpyd_div
00806020   __c6xabi_isinf
00805be0   __c6xabi_llshl
00805ea0   __c6xabi_llshru
008060e0   __c6xabi_negll
ffffffff   __c_args__
00805160   __divu
008060a0   _args_main
00804520   _auto_init_elf
00805c60   _c_int00
00805500   _cleanup
008104d8   _cleanup_ptr
008040c0   _closefile
00810500   _ctypes_
00805220   _doflush
008104dc   _dtors_ptr
008104f8   _ft_end
008101e0   _ftable
008104f0   _lock
008056e0   _minit
00806100   _nop
00800b80   _printfi
008061e0   _stack
00805f00   _subcull
0080b1e0   _sys_memory
00810668   _tmpnams
008104f4   _unlock
00804620   _wrt_ok
00806160   abort
008049e0   atoi
ffffffff   binit
00804ac0   close
00804720   copy_in
008052e0   exit
00802e60   fputc
00801440   fputs
00802300   free
00804300   fseek
008058c0   lseek
00804c80   ltoa
00803640   main
00803cc0   malloc
00805f60   memccpy
00805960   memcpy
00804d60   memset
00804e40   printf
00803780   productf
00805ce0   readmsg
00805d60   remove
00803280   setvbuf
00805d60   unlink
00805b40   write
00805fc0   writemsg


GLOBAL SYMBOLS: SORTED BY Symbol Address 

address    name
--------   ----
00000000   __TI_STATIC_BASE
00000001   __TI_args_main
00005000   __TI_STACK_SIZE
00005000   __TI_SYSMEM_SIZE
00800000   __c6xabi_divd
00800b80   _printfi
00801440   fputs
00802300   free
00802580   __c6xabi_divull
00802e60   fputc
00803280   setvbuf
00803640   main
00803780   productf
00803800   HOSTrename
008039a0   __c6xabi_divul
00803cc0   malloc
008040c0   _closefile
00804300   fseek
00804420   HOSTlseek
00804520   _auto_init_elf
00804620   _wrt_ok
00804720   copy_in
00804820   HOSTopen
008049e0   atoi
00804ac0   close
00804ba0   __TI_zero_init
00804c80   ltoa
00804d60   memset
00804e40   printf
00804f20   HOSTread
00804fe0   HOSTunlink
008050a0   HOSTwrite
00805160   __c6xabi_divu
00805160   __divu
00805220   _doflush
008052e0   exit
008053a0   __TI_tls_init
00805460   HOSTclose
00805500   _cleanup
008056e0   _minit
008058c0   lseek
00805960   memcpy
00805b40   write
00805be0   __c6xabi_llshl
00805c60   _c_int00
00805ce0   readmsg
00805d60   remove
00805d60   unlink
00805de0   __TI_cpp_init
00805e40   __c6xabi_frcmpyd_div
00805ea0   __c6xabi_llshru
00805f00   _subcull
00805f60   memccpy
00805fc0   writemsg
00806018   C$$IO$$
00806020   __c6xabi_isinf
008060a0   _args_main
008060e0   __c6xabi_negll
00806100   _nop
00806160   C$$EXIT
00806160   abort
00806180   _CSL_tscEnable
00806188   _CSL_tscRead
008061a0   __TI_decompress_none
008061c0   __TI_decompress_rle24
008061e0   _stack
0080b1e0   __TI_STACK_END
0080b1e0   _sys_memory
008101e0   _ftable
008104d8   _cleanup_ptr
008104dc   _dtors_ptr
008104e0   __TI_enable_exit_profile_output
008104f0   _lock
008104f4   _unlock
008104f8   _ft_end
00810500   _ctypes_
00810668   _tmpnams
008107b0   __CIOBUF_
00810940   __TI_Handler_Table_Base
0081094c   __TI_Handler_Table_Limit
00810954   __TI_CINIT_Base
00810964   __TI_CINIT_Limit
ffffffff   __TI_pprof_out_hndl
ffffffff   __TI_prof_data_size
ffffffff   __TI_prof_data_start
ffffffff   __binit__
ffffffff   __c_args__
ffffffff   binit
UNDEFED    __TI_INITARRAY_Base
UNDEFED    __TI_INITARRAY_Limit
UNDEFED    __TI_TLS_INIT_Base
UNDEFED    __TI_TLS_INIT_Limit

[92 symbols]
