<?xml version="1.0"?>
<link_info>
   <banner>TMS320C6x Linker PC v7.4.4</banner>
   <copyright>Copyright (c) 1996-2013 Texas Instruments Incorporated</copyright>
   <link_time>0x60d1d29c</link_time>
   <output_file>2eme_session.out</output_file>
   <entry_point>
      <name>_c_int00</name>
      <address>0x805c60</address>
   </entry_point>
   <input_file_list>
      <input_file id="fl-2">
         <path>.\</path>
         <kind>object</kind>
         <file>prod_pipl.obj</file>
         <name>prod_pipl.obj</name>
      </input_file>
      <input_file id="fl-3">
         <path>.\</path>
         <kind>object</kind>
         <file>prod_asm.obj</file>
         <name>prod_asm.obj</name>
      </input_file>
      <input_file id="fl-4">
         <path>.\</path>
         <kind>object</kind>
         <file>mainfloat.obj</file>
         <name>mainfloat.obj</name>
      </input_file>
      <input_file id="fl-5">
         <path>.\</path>
         <kind>object</kind>
         <file>main.obj</file>
         <name>main.obj</name>
      </input_file>
      <input_file id="fl-6">
         <path>.\</path>
         <kind>object</kind>
         <file>csl_tsc.obj</file>
         <name>csl_tsc.obj</name>
      </input_file>
      <input_file id="fl-7">
         <path>.\</path>
         <kind>object</kind>
         <file>_asm_piplSIMD.obj</file>
         <name>_asm_piplSIMD.obj</name>
      </input_file>
      <input_file id="fl-8">
         <path>.\</path>
         <kind>object</kind>
         <file>DOTP4H_sansPIP.obj</file>
         <name>DOTP4H_sansPIP.obj</name>
      </input_file>
      <input_file id="fl-83">
         <path>C:\ti\ccsv5\tools\compiler\c6000_7.4.4\lib\</path>
         <kind>archive</kind>
         <file>rts6600_elf.lib</file>
         <name>boot.obj</name>
      </input_file>
      <input_file id="fl-84">
         <path>C:\ti\ccsv5\tools\compiler\c6000_7.4.4\lib\</path>
         <kind>archive</kind>
         <file>rts6600_elf.lib</file>
         <name>copy_decompress_none.obj</name>
      </input_file>
      <input_file id="fl-85">
         <path>C:\ti\ccsv5\tools\compiler\c6000_7.4.4\lib\</path>
         <kind>archive</kind>
         <file>rts6600_elf.lib</file>
         <name>copy_decompress_rle.obj</name>
      </input_file>
      <input_file id="fl-86">
         <path>C:\ti\ccsv5\tools\compiler\c6000_7.4.4\lib\</path>
         <kind>archive</kind>
         <file>rts6600_elf.lib</file>
         <name>copy_zero_init.obj</name>
      </input_file>
      <input_file id="fl-87">
         <path>C:\ti\ccsv5\tools\compiler\c6000_7.4.4\lib\</path>
         <kind>archive</kind>
         <file>rts6600_elf.lib</file>
         <name>divd.obj</name>
      </input_file>
      <input_file id="fl-88">
         <path>C:\ti\ccsv5\tools\compiler\c6000_7.4.4\lib\</path>
         <kind>archive</kind>
         <file>rts6600_elf.lib</file>
         <name>exit.obj</name>
      </input_file>
      <input_file id="fl-89">
         <path>C:\ti\ccsv5\tools\compiler\c6000_7.4.4\lib\</path>
         <kind>archive</kind>
         <file>rts6600_elf.lib</file>
         <name>frcmpyd_div.obj</name>
      </input_file>
      <input_file id="fl-8a">
         <path>C:\ti\ccsv5\tools\compiler\c6000_7.4.4\lib\</path>
         <kind>archive</kind>
         <file>rts6600_elf.lib</file>
         <name>llshift.obj</name>
      </input_file>
      <input_file id="fl-8b">
         <path>C:\ti\ccsv5\tools\compiler\c6000_7.4.4\lib\</path>
         <kind>archive</kind>
         <file>rts6600_elf.lib</file>
         <name>memcpy64.obj</name>
      </input_file>
      <input_file id="fl-8c">
         <path>C:\ti\ccsv5\tools\compiler\c6000_7.4.4\lib\</path>
         <kind>archive</kind>
         <file>rts6600_elf.lib</file>
         <name>printf.obj</name>
      </input_file>
      <input_file id="fl-8d">
         <path>C:\ti\ccsv5\tools\compiler\c6000_7.4.4\lib\</path>
         <kind>archive</kind>
         <file>rts6600_elf.lib</file>
         <name>_lock.obj</name>
      </input_file>
      <input_file id="fl-8e">
         <path>C:\ti\ccsv5\tools\compiler\c6000_7.4.4\lib\</path>
         <kind>archive</kind>
         <file>rts6600_elf.lib</file>
         <name>_printfi.obj</name>
      </input_file>
      <input_file id="fl-8f">
         <path>C:\ti\ccsv5\tools\compiler\c6000_7.4.4\lib\</path>
         <kind>archive</kind>
         <file>rts6600_elf.lib</file>
         <name>args_main.obj</name>
      </input_file>
      <input_file id="fl-90">
         <path>C:\ti\ccsv5\tools\compiler\c6000_7.4.4\lib\</path>
         <kind>archive</kind>
         <file>rts6600_elf.lib</file>
         <name>atoi.obj</name>
      </input_file>
      <input_file id="fl-91">
         <path>C:\ti\ccsv5\tools\compiler\c6000_7.4.4\lib\</path>
         <kind>archive</kind>
         <file>rts6600_elf.lib</file>
         <name>autoinit.obj</name>
      </input_file>
      <input_file id="fl-92">
         <path>C:\ti\ccsv5\tools\compiler\c6000_7.4.4\lib\</path>
         <kind>archive</kind>
         <file>rts6600_elf.lib</file>
         <name>cpp_init.obj</name>
      </input_file>
      <input_file id="fl-93">
         <path>C:\ti\ccsv5\tools\compiler\c6000_7.4.4\lib\</path>
         <kind>archive</kind>
         <file>rts6600_elf.lib</file>
         <name>cpy_tbl.obj</name>
      </input_file>
      <input_file id="fl-94">
         <path>C:\ti\ccsv5\tools\compiler\c6000_7.4.4\lib\</path>
         <kind>archive</kind>
         <file>rts6600_elf.lib</file>
         <name>ctype.obj</name>
      </input_file>
      <input_file id="fl-95">
         <path>C:\ti\ccsv5\tools\compiler\c6000_7.4.4\lib\</path>
         <kind>archive</kind>
         <file>rts6600_elf.lib</file>
         <name>defs.obj</name>
      </input_file>
      <input_file id="fl-96">
         <path>C:\ti\ccsv5\tools\compiler\c6000_7.4.4\lib\</path>
         <kind>archive</kind>
         <file>rts6600_elf.lib</file>
         <name>divu.obj</name>
      </input_file>
      <input_file id="fl-97">
         <path>C:\ti\ccsv5\tools\compiler\c6000_7.4.4\lib\</path>
         <kind>archive</kind>
         <file>rts6600_elf.lib</file>
         <name>fputc.obj</name>
      </input_file>
      <input_file id="fl-98">
         <path>C:\ti\ccsv5\tools\compiler\c6000_7.4.4\lib\</path>
         <kind>archive</kind>
         <file>rts6600_elf.lib</file>
         <name>fputs.obj</name>
      </input_file>
      <input_file id="fl-99">
         <path>C:\ti\ccsv5\tools\compiler\c6000_7.4.4\lib\</path>
         <kind>archive</kind>
         <file>rts6600_elf.lib</file>
         <name>imath40.obj</name>
      </input_file>
      <input_file id="fl-9a">
         <path>C:\ti\ccsv5\tools\compiler\c6000_7.4.4\lib\</path>
         <kind>archive</kind>
         <file>rts6600_elf.lib</file>
         <name>imath64.obj</name>
      </input_file>
      <input_file id="fl-9b">
         <path>C:\ti\ccsv5\tools\compiler\c6000_7.4.4\lib\</path>
         <kind>archive</kind>
         <file>rts6600_elf.lib</file>
         <name>isinf.obj</name>
      </input_file>
      <input_file id="fl-9c">
         <path>C:\ti\ccsv5\tools\compiler\c6000_7.4.4\lib\</path>
         <kind>archive</kind>
         <file>rts6600_elf.lib</file>
         <name>lowlev.obj</name>
      </input_file>
      <input_file id="fl-9d">
         <path>C:\ti\ccsv5\tools\compiler\c6000_7.4.4\lib\</path>
         <kind>archive</kind>
         <file>rts6600_elf.lib</file>
         <name>ltoa.obj</name>
      </input_file>
      <input_file id="fl-9e">
         <path>C:\ti\ccsv5\tools\compiler\c6000_7.4.4\lib\</path>
         <kind>archive</kind>
         <file>rts6600_elf.lib</file>
         <name>memccpy.obj</name>
      </input_file>
      <input_file id="fl-9f">
         <path>C:\ti\ccsv5\tools\compiler\c6000_7.4.4\lib\</path>
         <kind>archive</kind>
         <file>rts6600_elf.lib</file>
         <name>memset.obj</name>
      </input_file>
      <input_file id="fl-a0">
         <path>C:\ti\ccsv5\tools\compiler\c6000_7.4.4\lib\</path>
         <kind>archive</kind>
         <file>rts6600_elf.lib</file>
         <name>negll.obj</name>
      </input_file>
      <input_file id="fl-a1">
         <path>C:\ti\ccsv5\tools\compiler\c6000_7.4.4\lib\</path>
         <kind>archive</kind>
         <file>rts6600_elf.lib</file>
         <name>tls.obj</name>
      </input_file>
      <input_file id="fl-a2">
         <path>C:\ti\ccsv5\tools\compiler\c6000_7.4.4\lib\</path>
         <kind>archive</kind>
         <file>rts6600_elf.lib</file>
         <name>tls_get_tp.obj</name>
      </input_file>
      <input_file id="fl-a3">
         <path>C:\ti\ccsv5\tools\compiler\c6000_7.4.4\lib\</path>
         <kind>archive</kind>
         <file>rts6600_elf.lib</file>
         <name>trgdrv.obj</name>
      </input_file>
      <input_file id="fl-a4">
         <path>C:\ti\ccsv5\tools\compiler\c6000_7.4.4\lib\</path>
         <kind>archive</kind>
         <file>rts6600_elf.lib</file>
         <name>trgmsg.obj</name>
      </input_file>
      <input_file id="fl-a5">
         <path>C:\ti\ccsv5\tools\compiler\c6000_7.4.4\lib\</path>
         <kind>archive</kind>
         <file>rts6600_elf.lib</file>
         <name>_io_perm.obj</name>
      </input_file>
      <input_file id="fl-a6">
         <path>C:\ti\ccsv5\tools\compiler\c6000_7.4.4\lib\</path>
         <kind>archive</kind>
         <file>rts6600_elf.lib</file>
         <name>abs.obj</name>
      </input_file>
      <input_file id="fl-a7">
         <path>C:\ti\ccsv5\tools\compiler\c6000_7.4.4\lib\</path>
         <kind>archive</kind>
         <file>rts6600_elf.lib</file>
         <name>fflush.obj</name>
      </input_file>
      <input_file id="fl-a8">
         <path>C:\ti\ccsv5\tools\compiler\c6000_7.4.4\lib\</path>
         <kind>archive</kind>
         <file>rts6600_elf.lib</file>
         <name>fseek.obj</name>
      </input_file>
      <input_file id="fl-a9">
         <path>C:\ti\ccsv5\tools\compiler\c6000_7.4.4\lib\</path>
         <kind>archive</kind>
         <file>rts6600_elf.lib</file>
         <name>setvbuf.obj</name>
      </input_file>
      <input_file id="fl-aa">
         <path>C:\ti\ccsv5\tools\compiler\c6000_7.4.4\lib\</path>
         <kind>archive</kind>
         <file>rts6600_elf.lib</file>
         <name>fopen.obj</name>
      </input_file>
      <input_file id="fl-ab">
         <path>C:\ti\ccsv5\tools\compiler\c6000_7.4.4\lib\</path>
         <kind>archive</kind>
         <file>rts6600_elf.lib</file>
         <name>memory.obj</name>
      </input_file>
      <input_file id="fl-ac">
         <path>C:\ti\ccsv5\tools\compiler\c6000_7.4.4\lib\</path>
         <kind>archive</kind>
         <file>rts6600_elf.lib</file>
         <name>fclose.obj</name>
      </input_file>
      <input_file id="fl-ad">
         <path>C:\ti\ccsv5\tools\compiler\c6000_7.4.4\lib\</path>
         <kind>archive</kind>
         <file>rts6600_elf.lib</file>
         <name>remove.obj</name>
      </input_file>
   </input_file_list>
   <object_component_list>
      <object_component id="oc-9a">
         <name>.text:__c6xabi_divd</name>
         <load_address>0x800000</load_address>
         <run_address>0x800000</run_address>
         <size>0x5c0</size>
         <input_file_ref idref="fl-87"/>
      </object_component>
      <object_component id="oc-193">
         <name>.text:_getarg_diouxp</name>
         <load_address>0x8005c0</load_address>
         <run_address>0x8005c0</run_address>
         <size>0x5c0</size>
         <input_file_ref idref="fl-8e"/>
      </object_component>
      <object_component id="oc-da">
         <name>.text:_printfi</name>
         <load_address>0x800b80</load_address>
         <run_address>0x800b80</run_address>
         <size>0x460</size>
         <input_file_ref idref="fl-8e"/>
      </object_component>
      <object_component id="oc-111">
         <name>.text:_setfield</name>
         <load_address>0x800fe0</load_address>
         <run_address>0x800fe0</run_address>
         <size>0x460</size>
         <input_file_ref idref="fl-8e"/>
      </object_component>
      <object_component id="oc-ff">
         <name>.text:fputs</name>
         <load_address>0x801440</load_address>
         <run_address>0x801440</run_address>
         <size>0x3a0</size>
         <input_file_ref idref="fl-98"/>
      </object_component>
      <object_component id="oc-147">
         <name>.text:_pproc_fge</name>
         <load_address>0x8017e0</load_address>
         <run_address>0x8017e0</run_address>
         <size>0x320</size>
         <input_file_ref idref="fl-8e"/>
      </object_component>
      <object_component id="oc-10d">
         <name>.text:_pproc_fwp</name>
         <load_address>0x801b00</load_address>
         <run_address>0x801b00</run_address>
         <size>0x2e0</size>
         <input_file_ref idref="fl-8e"/>
      </object_component>
      <object_component id="oc-1e0">
         <name>.text:fcvt</name>
         <load_address>0x801de0</load_address>
         <run_address>0x801de0</run_address>
         <size>0x2a0</size>
         <input_file_ref idref="fl-8e"/>
      </object_component>
      <object_component id="oc-1d3">
         <name>.text:ecvt</name>
         <load_address>0x802080</load_address>
         <run_address>0x802080</run_address>
         <size>0x280</size>
         <input_file_ref idref="fl-8e"/>
      </object_component>
      <object_component id="oc-1ac">
         <name>.text:free</name>
         <load_address>0x802300</load_address>
         <run_address>0x802300</run_address>
         <size>0x280</size>
         <input_file_ref idref="fl-ab"/>
      </object_component>
      <object_component id="oc-24a">
         <name>.text:__c6xabi_divull</name>
         <load_address>0x802580</load_address>
         <run_address>0x802580</run_address>
         <size>0x240</size>
         <input_file_ref idref="fl-9a"/>
      </object_component>
      <object_component id="oc-18e">
         <name>.text:_pconv_e</name>
         <load_address>0x8027c0</load_address>
         <run_address>0x8027c0</run_address>
         <size>0x240</size>
         <input_file_ref idref="fl-8e"/>
      </object_component>
      <object_component id="oc-14b">
         <name>.text:_pproc_diouxp</name>
         <load_address>0x802a00</load_address>
         <run_address>0x802a00</run_address>
         <size>0x240</size>
         <input_file_ref idref="fl-8e"/>
      </object_component>
      <object_component id="oc-115">
         <name>.text:_pproc_str</name>
         <load_address>0x802c40</load_address>
         <run_address>0x802c40</run_address>
         <size>0x220</size>
         <input_file_ref idref="fl-8e"/>
      </object_component>
      <object_component id="oc-104">
         <name>.text:fputc</name>
         <load_address>0x802e60</load_address>
         <run_address>0x802e60</run_address>
         <size>0x220</size>
         <input_file_ref idref="fl-97"/>
      </object_component>
      <object_component id="oc-186">
         <name>.text:_pconv_g</name>
         <load_address>0x803080</load_address>
         <run_address>0x803080</run_address>
         <size>0x200</size>
         <input_file_ref idref="fl-8e"/>
      </object_component>
      <object_component id="oc-163">
         <name>.text:setvbuf</name>
         <load_address>0x803280</load_address>
         <run_address>0x803280</run_address>
         <size>0x200</size>
         <input_file_ref idref="fl-a9"/>
      </object_component>
      <object_component id="oc-1db">
         <name>.text:_mcpy</name>
         <load_address>0x803480</load_address>
         <run_address>0x803480</run_address>
         <size>0x1c0</size>
         <input_file_ref idref="fl-8e"/>
      </object_component>
      <object_component id="oc-5b">
         <name>.text</name>
         <load_address>0x803640</load_address>
         <run_address>0x803640</run_address>
         <size>0x1c0</size>
         <input_file_ref idref="fl-4"/>
      </object_component>
      <object_component id="oc-231">
         <name>.text:HOSTrename</name>
         <load_address>0x803800</load_address>
         <run_address>0x803800</run_address>
         <size>0x1a0</size>
         <input_file_ref idref="fl-a3"/>
      </object_component>
      <object_component id="oc-246">
         <name>.text:__c6xabi_divul</name>
         <load_address>0x8039a0</load_address>
         <run_address>0x8039a0</run_address>
         <size>0x1a0</size>
         <input_file_ref idref="fl-99"/>
      </object_component>
      <object_component id="oc-3d">
         <name>.text:__TI_decompress_rle_core</name>
         <load_address>0x803b40</load_address>
         <run_address>0x803b40</run_address>
         <size>0x180</size>
         <input_file_ref idref="fl-85"/>
      </object_component>
      <object_component id="oc-1b0">
         <name>.text:malloc</name>
         <load_address>0x803cc0</load_address>
         <run_address>0x803cc0</run_address>
         <size>0x180</size>
         <input_file_ref idref="fl-ab"/>
      </object_component>
      <object_component id="oc-109">
         <name>.text:_pproc_fflags</name>
         <load_address>0x803e40</load_address>
         <run_address>0x803e40</run_address>
         <size>0x140</size>
         <input_file_ref idref="fl-8e"/>
      </object_component>
      <object_component id="oc-282">
         <name>.text:getdevice</name>
         <load_address>0x803f80</load_address>
         <run_address>0x803f80</run_address>
         <size>0x140</size>
         <input_file_ref idref="fl-9c"/>
      </object_component>
      <object_component id="oc-202">
         <name>.text:_closefile</name>
         <load_address>0x8040c0</load_address>
         <run_address>0x8040c0</run_address>
         <size>0x120</size>
         <input_file_ref idref="fl-ac"/>
      </object_component>
      <object_component id="oc-19b">
         <name>.text:_ltostr</name>
         <load_address>0x8041e0</load_address>
         <run_address>0x8041e0</run_address>
         <size>0x120</size>
         <input_file_ref idref="fl-8e"/>
      </object_component>
      <object_component id="oc-15f">
         <name>.text:fseek</name>
         <load_address>0x804300</load_address>
         <run_address>0x804300</run_address>
         <size>0x120</size>
         <input_file_ref idref="fl-a8"/>
      </object_component>
      <object_component id="oc-229">
         <name>.text:HOSTlseek</name>
         <load_address>0x804420</load_address>
         <run_address>0x804420</run_address>
         <size>0x100</size>
         <input_file_ref idref="fl-a3"/>
      </object_component>
      <object_component id="oc-20">
         <name>.text:_auto_init_elf</name>
         <load_address>0x804520</load_address>
         <run_address>0x804520</run_address>
         <size>0x100</size>
         <input_file_ref idref="fl-91"/>
      </object_component>
      <object_component id="oc-12d">
         <name>.text:_wrt_ok</name>
         <load_address>0x804620</load_address>
         <run_address>0x804620</run_address>
         <size>0x100</size>
         <input_file_ref idref="fl-a5"/>
      </object_component>
      <object_component id="oc-4e">
         <name>.text:copy_in</name>
         <load_address>0x804720</load_address>
         <run_address>0x804720</run_address>
         <size>0x100</size>
         <input_file_ref idref="fl-93"/>
      </object_component>
      <object_component id="oc-219">
         <name>.text:HOSTopen</name>
         <load_address>0x804820</load_address>
         <run_address>0x804820</run_address>
         <size>0xe0</size>
         <input_file_ref idref="fl-a3"/>
      </object_component>
      <object_component id="oc-1f6">
         <name>.text:_div</name>
         <load_address>0x804900</load_address>
         <run_address>0x804900</run_address>
         <size>0xe0</size>
         <input_file_ref idref="fl-8e"/>
      </object_component>
      <object_component id="oc-142">
         <name>.text:atoi</name>
         <load_address>0x8049e0</load_address>
         <run_address>0x8049e0</run_address>
         <size>0xe0</size>
         <input_file_ref idref="fl-90"/>
      </object_component>
      <object_component id="oc-251">
         <name>.text:close</name>
         <load_address>0x804ac0</load_address>
         <run_address>0x804ac0</run_address>
         <size>0xe0</size>
         <input_file_ref idref="fl-9c"/>
      </object_component>
      <object_component id="oc-14">
         <name>.text:decompress:ZI:__TI_zero_init</name>
         <load_address>0x804ba0</load_address>
         <run_address>0x804ba0</run_address>
         <size>0xe0</size>
         <input_file_ref idref="fl-86"/>
      </object_component>
      <object_component id="oc-239">
         <name>.text:ltoa</name>
         <load_address>0x804c80</load_address>
         <run_address>0x804c80</run_address>
         <size>0xe0</size>
         <input_file_ref idref="fl-9d"/>
      </object_component>
      <object_component id="oc-13e">
         <name>.text:memset</name>
         <load_address>0x804d60</load_address>
         <run_address>0x804d60</run_address>
         <size>0xe0</size>
         <input_file_ref idref="fl-9f"/>
      </object_component>
      <object_component id="oc-a2">
         <name>.text:printf</name>
         <load_address>0x804e40</load_address>
         <run_address>0x804e40</run_address>
         <size>0xe0</size>
         <input_file_ref idref="fl-8c"/>
      </object_component>
      <object_component id="oc-221">
         <name>.text:HOSTread</name>
         <load_address>0x804f20</load_address>
         <run_address>0x804f20</run_address>
         <size>0xc0</size>
         <input_file_ref idref="fl-a3"/>
      </object_component>
      <object_component id="oc-22d">
         <name>.text:HOSTunlink</name>
         <load_address>0x804fe0</load_address>
         <run_address>0x804fe0</run_address>
         <size>0xc0</size>
         <input_file_ref idref="fl-a3"/>
      </object_component>
      <object_component id="oc-225">
         <name>.text:HOSTwrite</name>
         <load_address>0x8050a0</load_address>
         <run_address>0x8050a0</run_address>
         <size>0xc0</size>
         <input_file_ref idref="fl-a3"/>
      </object_component>
      <object_component id="oc-242">
         <name>.text:__divu</name>
         <load_address>0x805160</load_address>
         <run_address>0x805160</run_address>
         <size>0xc0</size>
         <input_file_ref idref="fl-96"/>
      </object_component>
      <object_component id="oc-131">
         <name>.text:_doflush</name>
         <load_address>0x805220</load_address>
         <run_address>0x805220</run_address>
         <size>0xc0</size>
         <input_file_ref idref="fl-a7"/>
      </object_component>
      <object_component id="oc-28">
         <name>.text:exit</name>
         <load_address>0x8052e0</load_address>
         <run_address>0x8052e0</run_address>
         <size>0xc0</size>
         <input_file_ref idref="fl-88"/>
      </object_component>
      <object_component id="oc-52">
         <name>.text:tls:init:__TI_tls_init</name>
         <load_address>0x8053a0</load_address>
         <run_address>0x8053a0</run_address>
         <size>0xc0</size>
         <input_file_ref idref="fl-a1"/>
      </object_component>
      <object_component id="oc-21d">
         <name>.text:HOSTclose</name>
         <load_address>0x805460</load_address>
         <run_address>0x805460</run_address>
         <size>0xa0</size>
         <input_file_ref idref="fl-a3"/>
      </object_component>
      <object_component id="oc-1a8">
         <name>.text:_cleanup</name>
         <load_address>0x805500</load_address>
         <run_address>0x805500</run_address>
         <size>0xa0</size>
         <input_file_ref idref="fl-aa"/>
      </object_component>
      <object_component id="oc-1d7">
         <name>.text:_ecpy</name>
         <load_address>0x8055a0</load_address>
         <run_address>0x8055a0</run_address>
         <size>0xa0</size>
         <input_file_ref idref="fl-8e"/>
      </object_component>
      <object_component id="oc-1e4">
         <name>.text:_fcpy</name>
         <load_address>0x805640</load_address>
         <run_address>0x805640</run_address>
         <size>0xa0</size>
         <input_file_ref idref="fl-8e"/>
      </object_component>
      <object_component id="oc-212">
         <name>.text:_minit</name>
         <load_address>0x8056e0</load_address>
         <run_address>0x8056e0</run_address>
         <size>0xa0</size>
         <input_file_ref idref="fl-ab"/>
      </object_component>
      <object_component id="oc-18a">
         <name>.text:_pconv_f</name>
         <load_address>0x805780</load_address>
         <run_address>0x805780</run_address>
         <size>0xa0</size>
         <input_file_ref idref="fl-8e"/>
      </object_component>
      <object_component id="oc-298">
         <name>.text:finddevice</name>
         <load_address>0x805820</load_address>
         <run_address>0x805820</run_address>
         <size>0xa0</size>
         <input_file_ref idref="fl-9c"/>
      </object_component>
      <object_component id="oc-1a2">
         <name>.text:lseek</name>
         <load_address>0x8058c0</load_address>
         <run_address>0x8058c0</run_address>
         <size>0xa0</size>
         <input_file_ref idref="fl-9c"/>
      </object_component>
      <object_component id="oc-2d">
         <name>.text:memcpy</name>
         <load_address>0x805960</load_address>
         <run_address>0x805960</run_address>
         <size>0xa0</size>
         <input_file_ref idref="fl-8b"/>
      </object_component>
      <object_component id="oc-20d">
         <name>.text:minsert</name>
         <load_address>0x805a00</load_address>
         <run_address>0x805a00</run_address>
         <size>0xa0</size>
         <input_file_ref idref="fl-ab"/>
      </object_component>
      <object_component id="oc-209">
         <name>.text:mremove</name>
         <load_address>0x805aa0</load_address>
         <run_address>0x805aa0</run_address>
         <size>0xa0</size>
         <input_file_ref idref="fl-ab"/>
      </object_component>
      <object_component id="oc-135">
         <name>.text:write</name>
         <load_address>0x805b40</load_address>
         <run_address>0x805b40</run_address>
         <size>0xa0</size>
         <input_file_ref idref="fl-9c"/>
      </object_component>
      <object_component id="oc-278">
         <name>.text:__c6xabi_llshl</name>
         <load_address>0x805be0</load_address>
         <run_address>0x805be0</run_address>
         <size>0x80</size>
         <input_file_ref idref="fl-8a"/>
      </object_component>
      <object_component id="oc-c">
         <name>.text:_c_int00</name>
         <load_address>0x805c60</load_address>
         <run_address>0x805c60</run_address>
         <size>0x80</size>
         <input_file_ref idref="fl-83"/>
      </object_component>
      <object_component id="oc-268">
         <name>.text:readmsg</name>
         <load_address>0x805ce0</load_address>
         <run_address>0x805ce0</run_address>
         <size>0x80</size>
         <input_file_ref idref="fl-a4"/>
      </object_component>
      <object_component id="oc-255">
         <name>.text:unlink</name>
         <load_address>0x805d60</load_address>
         <run_address>0x805d60</run_address>
         <size>0x80</size>
         <input_file_ref idref="fl-9c"/>
      </object_component>
      <object_component id="oc-56">
         <name>.text:__TI_cpp_init</name>
         <load_address>0x805de0</load_address>
         <run_address>0x805de0</run_address>
         <size>0x60</size>
         <input_file_ref idref="fl-92"/>
      </object_component>
      <object_component id="oc-c8">
         <name>.text:__c6xabi_frcmpyd_div</name>
         <load_address>0x805e40</load_address>
         <run_address>0x805e40</run_address>
         <size>0x60</size>
         <input_file_ref idref="fl-89"/>
      </object_component>
      <object_component id="oc-c4">
         <name>.text:__c6xabi_llshru</name>
         <load_address>0x805ea0</load_address>
         <run_address>0x805ea0</run_address>
         <size>0x60</size>
         <input_file_ref idref="fl-8a"/>
      </object_component>
      <object_component id="oc-27c">
         <name>.text:_subcull</name>
         <load_address>0x805f00</load_address>
         <run_address>0x805f00</run_address>
         <size>0x60</size>
         <input_file_ref idref="fl-9a"/>
      </object_component>
      <object_component id="oc-14f">
         <name>.text:memccpy</name>
         <load_address>0x805f60</load_address>
         <run_address>0x805f60</run_address>
         <size>0x60</size>
         <input_file_ref idref="fl-9e"/>
      </object_component>
      <object_component id="oc-264">
         <name>.text:writemsg</name>
         <load_address>0x805fc0</load_address>
         <run_address>0x805fc0</run_address>
         <size>0x60</size>
         <input_file_ref idref="fl-a4"/>
      </object_component>
      <object_component id="oc-182">
         <name>.text:__c6xabi_isinf</name>
         <load_address>0x806020</load_address>
         <run_address>0x806020</run_address>
         <size>0x40</size>
         <input_file_ref idref="fl-9b"/>
      </object_component>
      <object_component id="oc-17e">
         <name>.text:__c6xabi_isnan</name>
         <load_address>0x806060</load_address>
         <run_address>0x806060</run_address>
         <size>0x40</size>
         <input_file_ref idref="fl-8e"/>
      </object_component>
      <object_component id="oc-24">
         <name>.text:_args_main</name>
         <load_address>0x8060a0</load_address>
         <run_address>0x8060a0</run_address>
         <size>0x40</size>
         <input_file_ref idref="fl-8f"/>
      </object_component>
      <object_component id="oc-197">
         <name>.text:__c6xabi_negll</name>
         <load_address>0x8060e0</load_address>
         <run_address>0x8060e0</run_address>
         <size>0x20</size>
         <input_file_ref idref="fl-a0"/>
      </object_component>
      <object_component id="oc-f5">
         <name>.text:_nop</name>
         <load_address>0x806100</load_address>
         <run_address>0x806100</run_address>
         <size>0x20</size>
         <input_file_ref idref="fl-8d"/>
      </object_component>
      <object_component id="oc-d6">
         <name>.text:_outc</name>
         <load_address>0x806120</load_address>
         <run_address>0x806120</run_address>
         <size>0x20</size>
         <input_file_ref idref="fl-8c"/>
      </object_component>
      <object_component id="oc-d2">
         <name>.text:_outs</name>
         <load_address>0x806140</load_address>
         <run_address>0x806140</run_address>
         <size>0x20</size>
         <input_file_ref idref="fl-8c"/>
      </object_component>
      <object_component id="oc-68">
         <name>.text:abort</name>
         <load_address>0x806160</load_address>
         <run_address>0x806160</run_address>
         <size>0x20</size>
         <input_file_ref idref="fl-88"/>
      </object_component>
      <object_component id="oc-9e">
         <name>.text:cslsys_section:tsc</name>
         <load_address>0x806180</load_address>
         <run_address>0x806180</run_address>
         <size>0x20</size>
         <input_file_ref idref="fl-6"/>
      </object_component>
      <object_component id="oc-10">
         <name>.text:decompress:none:__TI_decompress_none</name>
         <load_address>0x8061a0</load_address>
         <run_address>0x8061a0</run_address>
         <size>0x20</size>
         <input_file_ref idref="fl-84"/>
      </object_component>
      <object_component id="oc-18">
         <name>.text:decompress:rle24:__TI_decompress_rle24</name>
         <load_address>0x8061c0</load_address>
         <run_address>0x8061c0</run_address>
         <size>0x20</size>
         <input_file_ref idref="fl-85"/>
      </object_component>
      <object_component id="oc-2be">
         <name>.cinit..fardata.load</name>
         <load_address>0x8108d0</load_address>
         <run_address>0x8108d0</run_address>
         <size>0x70</size>
      </object_component>
      <object_component id="oc-2bb">
         <name>__TI_handler_table</name>
         <load_address>0x810940</load_address>
         <run_address>0x810940</run_address>
         <size>0xc</size>
      </object_component>
      <object_component id="oc-2bd">
         <name>.cinit..far.load</name>
         <load_address>0x81094c</load_address>
         <run_address>0x81094c</run_address>
         <size>0x8</size>
      </object_component>
      <object_component id="oc-2bc">
         <name>__TI_cinit_table</name>
         <load_address>0x810954</load_address>
         <run_address>0x810954</run_address>
         <size>0x10</size>
      </object_component>
      <object_component id="oc-17a">
         <name>.const:.string:_ctypes_</name>
         <load_address>0x810500</load_address>
         <run_address>0x810500</run_address>
         <size>0x101</size>
         <input_file_ref idref="fl-94"/>
      </object_component>
      <object_component id="oc-a6">
         <name>.const:.string</name>
         <load_address>0x810604</load_address>
         <run_address>0x810604</run_address>
         <size>0x3c</size>
         <input_file_ref idref="fl-4"/>
      </object_component>
      <object_component id="oc-153">
         <name>.const:.string</name>
         <load_address>0x810640</load_address>
         <run_address>0x810640</run_address>
         <size>0x23</size>
         <input_file_ref idref="fl-8e"/>
      </object_component>
      <object_component id="oc-28d">
         <name>.cio</name>
         <uninitialized>true</uninitialized>
         <run_address>0x8107b0</run_address>
         <size>0x120</size>
         <input_file_ref idref="fl-a4"/>
      </object_component>
      <object_component id="oc-259">
         <name>.far</name>
         <uninitialized>true</uninitialized>
         <run_address>0x810668</run_address>
         <size>0x140</size>
         <input_file_ref idref="fl-95"/>
      </object_component>
      <object_component id="oc-262">
         <name>.far</name>
         <uninitialized>true</uninitialized>
         <run_address>0x8107a8</run_address>
         <size>0x8</size>
         <input_file_ref idref="fl-a3"/>
      </object_component>
      <object_component id="oc-66">
         <name>.fardata</name>
         <load_address>0x8104d8</load_address>
         <run_address>0x8104d8</run_address>
         <size>0xc</size>
         <input_file_ref idref="fl-88"/>
      </object_component>
      <object_component id="oc-ce">
         <name>.fardata</name>
         <load_address>0x8104f0</load_address>
         <run_address>0x8104f0</run_address>
         <size>0x8</size>
         <input_file_ref idref="fl-8d"/>
      </object_component>
      <object_component id="oc-d0">
         <name>.fardata:_ftable</name>
         <load_address>0x8101e0</load_address>
         <run_address>0x8101e0</run_address>
         <size>0x1e0</size>
         <input_file_ref idref="fl-95"/>
      </object_component>
      <object_component id="oc-16b">
         <name>.fardata:_stream</name>
         <load_address>0x8103c0</load_address>
         <run_address>0x8103c0</run_address>
         <size>0xa0</size>
         <input_file_ref idref="fl-9c"/>
      </object_component>
      <object_component id="oc-1ba">
         <name>.fardata:_device</name>
         <load_address>0x810460</load_address>
         <run_address>0x810460</run_address>
         <size>0x78</size>
         <input_file_ref idref="fl-9c"/>
      </object_component>
      <object_component id="oc-200">
         <name>.fardata</name>
         <load_address>0x8104f8</load_address>
         <run_address>0x8104f8</run_address>
         <size>0x4</size>
         <input_file_ref idref="fl-95"/>
      </object_component>
      <object_component id="oc-207">
         <name>.fardata</name>
         <load_address>0x8104e4</load_address>
         <run_address>0x8104e4</run_address>
         <size>0xc</size>
         <input_file_ref idref="fl-ab"/>
      </object_component>
      <object_component id="oc-1e">
         <name>.sysmem</name>
         <uninitialized>true</uninitialized>
         <run_address>0x80b1e0</run_address>
         <size>0x8</size>
         <input_file_ref idref="fl-ab"/>
      </object_component>
      <object_component id="oc-2c0">
         <name>.sysmem</name>
         <uninitialized>true</uninitialized>
         <run_address>0x80b1e0</run_address>
         <size>0x0</size>
      </object_component>
      <object_component id="oc-1c">
         <name>.stack</name>
         <uninitialized>true</uninitialized>
         <run_address>0x8061e0</run_address>
         <size>0x8</size>
         <input_file_ref idref="fl-83"/>
      </object_component>
      <object_component id="oc-2bf">
         <name>.stack</name>
         <uninitialized>true</uninitialized>
         <run_address>0x8061e0</run_address>
         <size>0x0</size>
      </object_component>
      <object_component id="oc-d">
         <name>.debug_info</name>
         <load_address>0x0</load_address>
         <run_address>0x0</run_address>
         <size>0x110</size>
         <input_file_ref idref="fl-83"/>
      </object_component>
      <object_component id="oc-11">
         <name>.debug_info</name>
         <load_address>0x110</load_address>
         <run_address>0x110</run_address>
         <size>0x14f</size>
         <input_file_ref idref="fl-84"/>
      </object_component>
      <object_component id="oc-15">
         <name>.debug_info</name>
         <load_address>0x25f</load_address>
         <run_address>0x25f</run_address>
         <size>0x190</size>
         <input_file_ref idref="fl-86"/>
      </object_component>
      <object_component id="oc-19">
         <name>.debug_info</name>
         <load_address>0x3ef</load_address>
         <run_address>0x3ef</run_address>
         <size>0x16c</size>
         <input_file_ref idref="fl-85"/>
      </object_component>
      <object_component id="oc-1d">
         <name>.debug_info</name>
         <load_address>0x55b</load_address>
         <run_address>0x55b</run_address>
         <size>0xa7</size>
         <input_file_ref idref="fl-83"/>
      </object_component>
      <object_component id="oc-1f">
         <name>.debug_info</name>
         <load_address>0x602</load_address>
         <run_address>0x602</run_address>
         <size>0xb3</size>
         <input_file_ref idref="fl-ab"/>
      </object_component>
      <object_component id="oc-21">
         <name>.debug_info</name>
         <load_address>0x6b5</load_address>
         <run_address>0x6b5</run_address>
         <size>0x190</size>
         <input_file_ref idref="fl-91"/>
      </object_component>
      <object_component id="oc-25">
         <name>.debug_info</name>
         <load_address>0x845</load_address>
         <run_address>0x845</run_address>
         <size>0xf6</size>
         <input_file_ref idref="fl-8f"/>
      </object_component>
      <object_component id="oc-29">
         <name>.debug_info</name>
         <load_address>0x93b</load_address>
         <run_address>0x93b</run_address>
         <size>0x10c</size>
         <input_file_ref idref="fl-88"/>
      </object_component>
      <object_component id="oc-2e">
         <name>.debug_info</name>
         <load_address>0xa47</load_address>
         <run_address>0xa47</run_address>
         <size>0xd6</size>
         <input_file_ref idref="fl-8b"/>
      </object_component>
      <object_component id="oc-32">
         <name>.debug_info</name>
         <load_address>0xb1d</load_address>
         <run_address>0xb1d</run_address>
         <size>0x53</size>
         <input_file_ref idref="fl-84"/>
      </object_component>
      <object_component id="oc-38">
         <name>.debug_info</name>
         <load_address>0xb70</load_address>
         <run_address>0xb70</run_address>
         <size>0x53</size>
         <input_file_ref idref="fl-86"/>
      </object_component>
      <object_component id="oc-3e">
         <name>.debug_info</name>
         <load_address>0xbc3</load_address>
         <run_address>0xbc3</run_address>
         <size>0x2f2</size>
         <input_file_ref idref="fl-85"/>
      </object_component>
      <object_component id="oc-42">
         <name>.debug_info</name>
         <load_address>0xeb5</load_address>
         <run_address>0xeb5</run_address>
         <size>0x1d7</size>
         <input_file_ref idref="fl-85"/>
      </object_component>
      <object_component id="oc-43">
         <name>.debug_info</name>
         <load_address>0x108c</load_address>
         <run_address>0x108c</run_address>
         <size>0x46</size>
         <input_file_ref idref="fl-85"/>
      </object_component>
      <object_component id="oc-4a">
         <name>.debug_info</name>
         <load_address>0x10d2</load_address>
         <run_address>0x10d2</run_address>
         <size>0x10a</size>
         <input_file_ref idref="fl-83"/>
      </object_component>
      <object_component id="oc-4d">
         <name>.debug_info</name>
         <load_address>0x11dc</load_address>
         <run_address>0x11dc</run_address>
         <size>0x16a</size>
         <input_file_ref idref="fl-ab"/>
      </object_component>
      <object_component id="oc-4f">
         <name>.debug_info</name>
         <load_address>0x1346</load_address>
         <run_address>0x1346</run_address>
         <size>0x18e</size>
         <input_file_ref idref="fl-93"/>
      </object_component>
      <object_component id="oc-53">
         <name>.debug_info</name>
         <load_address>0x14d4</load_address>
         <run_address>0x14d4</run_address>
         <size>0x164</size>
         <input_file_ref idref="fl-a1"/>
      </object_component>
      <object_component id="oc-57">
         <name>.debug_info</name>
         <load_address>0x1638</load_address>
         <run_address>0x1638</run_address>
         <size>0x15f</size>
         <input_file_ref idref="fl-92"/>
      </object_component>
      <object_component id="oc-5c">
         <name>.debug_info</name>
         <load_address>0x1797</load_address>
         <run_address>0x1797</run_address>
         <size>0x376</size>
         <input_file_ref idref="fl-4"/>
      </object_component>
      <object_component id="oc-61">
         <name>.debug_info</name>
         <load_address>0x1b0d</load_address>
         <run_address>0x1b0d</run_address>
         <size>0x94</size>
         <input_file_ref idref="fl-83"/>
      </object_component>
      <object_component id="oc-67">
         <name>.debug_info</name>
         <load_address>0x1ba1</load_address>
         <run_address>0x1ba1</run_address>
         <size>0x127</size>
         <input_file_ref idref="fl-88"/>
      </object_component>
      <object_component id="oc-69">
         <name>.debug_info</name>
         <load_address>0x1cc8</load_address>
         <run_address>0x1cc8</run_address>
         <size>0x11e</size>
         <input_file_ref idref="fl-88"/>
      </object_component>
      <object_component id="oc-6d">
         <name>.debug_info</name>
         <load_address>0x1de6</load_address>
         <run_address>0x1de6</run_address>
         <size>0x8d</size>
         <input_file_ref idref="fl-84"/>
      </object_component>
      <object_component id="oc-73">
         <name>.debug_info</name>
         <load_address>0x1e73</load_address>
         <run_address>0x1e73</run_address>
         <size>0x46</size>
         <input_file_ref idref="fl-84"/>
      </object_component>
      <object_component id="oc-78">
         <name>.debug_info</name>
         <load_address>0x1eb9</load_address>
         <run_address>0x1eb9</run_address>
         <size>0xe5</size>
         <input_file_ref idref="fl-84"/>
      </object_component>
      <object_component id="oc-79">
         <name>.debug_info</name>
         <load_address>0x1f9e</load_address>
         <run_address>0x1f9e</run_address>
         <size>0x2c</size>
         <input_file_ref idref="fl-85"/>
      </object_component>
      <object_component id="oc-7e">
         <name>.debug_info</name>
         <load_address>0x1fca</load_address>
         <run_address>0x1fca</run_address>
         <size>0x1cd</size>
         <input_file_ref idref="fl-86"/>
      </object_component>
      <object_component id="oc-84">
         <name>.debug_info</name>
         <load_address>0x2197</load_address>
         <run_address>0x2197</run_address>
         <size>0x1d9</size>
         <input_file_ref idref="fl-83"/>
      </object_component>
      <object_component id="oc-8b">
         <name>.debug_info</name>
         <load_address>0x2370</load_address>
         <run_address>0x2370</run_address>
         <size>0x110</size>
         <input_file_ref idref="fl-88"/>
      </object_component>
      <object_component id="oc-90">
         <name>.debug_info</name>
         <load_address>0x2480</load_address>
         <run_address>0x2480</run_address>
         <size>0x70</size>
         <input_file_ref idref="fl-ab"/>
      </object_component>
      <object_component id="oc-96">
         <name>.debug_info</name>
         <load_address>0x24f0</load_address>
         <run_address>0x24f0</run_address>
         <size>0x140</size>
         <input_file_ref idref="fl-93"/>
      </object_component>
      <object_component id="oc-98">
         <name>.debug_info</name>
         <load_address>0x2630</load_address>
         <run_address>0x2630</run_address>
         <size>0x253</size>
         <input_file_ref idref="fl-a1"/>
      </object_component>
      <object_component id="oc-9b">
         <name>.debug_info</name>
         <load_address>0x2883</load_address>
         <run_address>0x2883</run_address>
         <size>0x199</size>
         <input_file_ref idref="fl-87"/>
      </object_component>
      <object_component id="oc-9f">
         <name>.debug_info</name>
         <load_address>0x2a1c</load_address>
         <run_address>0x2a1c</run_address>
         <size>0x115</size>
         <input_file_ref idref="fl-6"/>
      </object_component>
      <object_component id="oc-a3">
         <name>.debug_info</name>
         <load_address>0x2b31</load_address>
         <run_address>0x2b31</run_address>
         <size>0x127</size>
         <input_file_ref idref="fl-8c"/>
      </object_component>
      <object_component id="oc-a8">
         <name>.debug_info</name>
         <load_address>0x2c58</load_address>
         <run_address>0x2c58</run_address>
         <size>0x94</size>
         <input_file_ref idref="fl-4"/>
      </object_component>
      <object_component id="oc-ad">
         <name>.debug_info</name>
         <load_address>0x2cec</load_address>
         <run_address>0x2cec</run_address>
         <size>0x11a</size>
         <input_file_ref idref="fl-4"/>
      </object_component>
      <object_component id="oc-b2">
         <name>.debug_info</name>
         <load_address>0x2e06</load_address>
         <run_address>0x2e06</run_address>
         <size>0x178</size>
         <input_file_ref idref="fl-4"/>
      </object_component>
      <object_component id="oc-b5">
         <name>.debug_info</name>
         <load_address>0x2f7e</load_address>
         <run_address>0x2f7e</run_address>
         <size>0x12b</size>
         <input_file_ref idref="fl-88"/>
      </object_component>
      <object_component id="oc-bd">
         <name>.debug_info</name>
         <load_address>0x30a9</load_address>
         <run_address>0x30a9</run_address>
         <size>0xcd</size>
         <input_file_ref idref="fl-93"/>
      </object_component>
      <object_component id="oc-c5">
         <name>.debug_info</name>
         <load_address>0x3176</load_address>
         <run_address>0x3176</run_address>
         <size>0x11b</size>
         <input_file_ref idref="fl-8a"/>
      </object_component>
      <object_component id="oc-c9">
         <name>.debug_info</name>
         <load_address>0x3291</load_address>
         <run_address>0x3291</run_address>
         <size>0x125</size>
         <input_file_ref idref="fl-89"/>
      </object_component>
      <object_component id="oc-cf">
         <name>.debug_info</name>
         <load_address>0x33b6</load_address>
         <run_address>0x33b6</run_address>
         <size>0xc5</size>
         <input_file_ref idref="fl-8d"/>
      </object_component>
      <object_component id="oc-d1">
         <name>.debug_info</name>
         <load_address>0x347b</load_address>
         <run_address>0x347b</run_address>
         <size>0xa9</size>
         <input_file_ref idref="fl-95"/>
      </object_component>
      <object_component id="oc-d3">
         <name>.debug_info</name>
         <load_address>0x3524</load_address>
         <run_address>0x3524</run_address>
         <size>0x10b</size>
         <input_file_ref idref="fl-8c"/>
      </object_component>
      <object_component id="oc-d7">
         <name>.debug_info</name>
         <load_address>0x362f</load_address>
         <run_address>0x362f</run_address>
         <size>0xfc</size>
         <input_file_ref idref="fl-8c"/>
      </object_component>
      <object_component id="oc-db">
         <name>.debug_info</name>
         <load_address>0x372b</load_address>
         <run_address>0x372b</run_address>
         <size>0x418</size>
         <input_file_ref idref="fl-8e"/>
      </object_component>
      <object_component id="oc-df">
         <name>.debug_info</name>
         <load_address>0x3b43</load_address>
         <run_address>0x3b43</run_address>
         <size>0x1e3</size>
         <input_file_ref idref="fl-8c"/>
      </object_component>
      <object_component id="oc-e0">
         <name>.debug_info</name>
         <load_address>0x3d26</load_address>
         <run_address>0x3d26</run_address>
         <size>0xbb</size>
         <input_file_ref idref="fl-4"/>
      </object_component>
      <object_component id="oc-ea">
         <name>.debug_info</name>
         <load_address>0x3de1</load_address>
         <run_address>0x3de1</run_address>
         <size>0x46</size>
         <input_file_ref idref="fl-8a"/>
      </object_component>
      <object_component id="oc-f0">
         <name>.debug_info</name>
         <load_address>0x3e27</load_address>
         <run_address>0x3e27</run_address>
         <size>0x7f</size>
         <input_file_ref idref="fl-87"/>
      </object_component>
      <object_component id="oc-f6">
         <name>.debug_info</name>
         <load_address>0x3ea6</load_address>
         <run_address>0x3ea6</run_address>
         <size>0xd9</size>
         <input_file_ref idref="fl-8d"/>
      </object_component>
      <object_component id="oc-fb">
         <name>.debug_info</name>
         <load_address>0x3f7f</load_address>
         <run_address>0x3f7f</run_address>
         <size>0x99</size>
         <input_file_ref idref="fl-8d"/>
      </object_component>
      <object_component id="oc-fe">
         <name>.debug_info</name>
         <load_address>0x4018</load_address>
         <run_address>0x4018</run_address>
         <size>0xca</size>
         <input_file_ref idref="fl-95"/>
      </object_component>
      <object_component id="oc-100">
         <name>.debug_info</name>
         <load_address>0x40e2</load_address>
         <run_address>0x40e2</run_address>
         <size>0x3e4</size>
         <input_file_ref idref="fl-98"/>
      </object_component>
      <object_component id="oc-105">
         <name>.debug_info</name>
         <load_address>0x44c6</load_address>
         <run_address>0x44c6</run_address>
         <size>0x182</size>
         <input_file_ref idref="fl-97"/>
      </object_component>
      <object_component id="oc-10a">
         <name>.debug_info</name>
         <load_address>0x4648</load_address>
         <run_address>0x4648</run_address>
         <size>0x1f5</size>
         <input_file_ref idref="fl-8e"/>
      </object_component>
      <object_component id="oc-10e">
         <name>.debug_info</name>
         <load_address>0x483d</load_address>
         <run_address>0x483d</run_address>
         <size>0x20b</size>
         <input_file_ref idref="fl-8e"/>
      </object_component>
      <object_component id="oc-112">
         <name>.debug_info</name>
         <load_address>0x4a48</load_address>
         <run_address>0x4a48</run_address>
         <size>0x224</size>
         <input_file_ref idref="fl-8e"/>
      </object_component>
      <object_component id="oc-116">
         <name>.debug_info</name>
         <load_address>0x4c6c</load_address>
         <run_address>0x4c6c</run_address>
         <size>0x37b</size>
         <input_file_ref idref="fl-8e"/>
      </object_component>
      <object_component id="oc-11a">
         <name>.debug_info</name>
         <load_address>0x4fe7</load_address>
         <run_address>0x4fe7</run_address>
         <size>0x211</size>
         <input_file_ref idref="fl-8e"/>
      </object_component>
      <object_component id="oc-11b">
         <name>.debug_info</name>
         <load_address>0x51f8</load_address>
         <run_address>0x51f8</run_address>
         <size>0x2c</size>
         <input_file_ref idref="fl-8a"/>
      </object_component>
      <object_component id="oc-122">
         <name>.debug_info</name>
         <load_address>0x5224</load_address>
         <run_address>0x5224</run_address>
         <size>0xc8</size>
         <input_file_ref idref="fl-8c"/>
      </object_component>
      <object_component id="oc-127">
         <name>.debug_info</name>
         <load_address>0x52ec</load_address>
         <run_address>0x52ec</run_address>
         <size>0x102</size>
         <input_file_ref idref="fl-8a"/>
      </object_component>
      <object_component id="oc-12e">
         <name>.debug_info</name>
         <load_address>0x53ee</load_address>
         <run_address>0x53ee</run_address>
         <size>0x115</size>
         <input_file_ref idref="fl-a5"/>
      </object_component>
      <object_component id="oc-132">
         <name>.debug_info</name>
         <load_address>0x5503</load_address>
         <run_address>0x5503</run_address>
         <size>0x103</size>
         <input_file_ref idref="fl-a7"/>
      </object_component>
      <object_component id="oc-136">
         <name>.debug_info</name>
         <load_address>0x5606</load_address>
         <run_address>0x5606</run_address>
         <size>0x133</size>
         <input_file_ref idref="fl-9c"/>
      </object_component>
      <object_component id="oc-13a">
         <name>.debug_info</name>
         <load_address>0x5739</load_address>
         <run_address>0x5739</run_address>
         <size>0x1ba</size>
         <input_file_ref idref="fl-98"/>
      </object_component>
      <object_component id="oc-13c">
         <name>.debug_info</name>
         <load_address>0x58f3</load_address>
         <run_address>0x58f3</run_address>
         <size>0x183</size>
         <input_file_ref idref="fl-97"/>
      </object_component>
      <object_component id="oc-13f">
         <name>.debug_info</name>
         <load_address>0x5a76</load_address>
         <run_address>0x5a76</run_address>
         <size>0x163</size>
         <input_file_ref idref="fl-9f"/>
      </object_component>
      <object_component id="oc-143">
         <name>.debug_info</name>
         <load_address>0x5bd9</load_address>
         <run_address>0x5bd9</run_address>
         <size>0x17f</size>
         <input_file_ref idref="fl-90"/>
      </object_component>
      <object_component id="oc-148">
         <name>.debug_info</name>
         <load_address>0x5d58</load_address>
         <run_address>0x5d58</run_address>
         <size>0x1c8</size>
         <input_file_ref idref="fl-8e"/>
      </object_component>
      <object_component id="oc-14c">
         <name>.debug_info</name>
         <load_address>0x5f20</load_address>
         <run_address>0x5f20</run_address>
         <size>0x1fe</size>
         <input_file_ref idref="fl-8e"/>
      </object_component>
      <object_component id="oc-150">
         <name>.debug_info</name>
         <load_address>0x611e</load_address>
         <run_address>0x611e</run_address>
         <size>0x17d</size>
         <input_file_ref idref="fl-9e"/>
      </object_component>
      <object_component id="oc-158">
         <name>.debug_info</name>
         <load_address>0x629b</load_address>
         <run_address>0x629b</run_address>
         <size>0x101</size>
         <input_file_ref idref="fl-8e"/>
      </object_component>
      <object_component id="oc-160">
         <name>.debug_info</name>
         <load_address>0x639c</load_address>
         <run_address>0x639c</run_address>
         <size>0x161</size>
         <input_file_ref idref="fl-a8"/>
      </object_component>
      <object_component id="oc-164">
         <name>.debug_info</name>
         <load_address>0x64fd</load_address>
         <run_address>0x64fd</run_address>
         <size>0x16f</size>
         <input_file_ref idref="fl-a9"/>
      </object_component>
      <object_component id="oc-168">
         <name>.debug_info</name>
         <load_address>0x666c</load_address>
         <run_address>0x666c</run_address>
         <size>0x103</size>
         <input_file_ref idref="fl-a5"/>
      </object_component>
      <object_component id="oc-16a">
         <name>.debug_info</name>
         <load_address>0x676f</load_address>
         <run_address>0x676f</run_address>
         <size>0x154</size>
         <input_file_ref idref="fl-a7"/>
      </object_component>
      <object_component id="oc-16c">
         <name>.debug_info</name>
         <load_address>0x68c3</load_address>
         <run_address>0x68c3</run_address>
         <size>0xaa</size>
         <input_file_ref idref="fl-9c"/>
      </object_component>
      <object_component id="oc-16e">
         <name>.debug_info</name>
         <load_address>0x696d</load_address>
         <run_address>0x696d</run_address>
         <size>0x323</size>
         <input_file_ref idref="fl-9c"/>
      </object_component>
      <object_component id="oc-171">
         <name>.debug_info</name>
         <load_address>0x6c90</load_address>
         <run_address>0x6c90</run_address>
         <size>0xbb</size>
         <input_file_ref idref="fl-8a"/>
      </object_component>
      <object_component id="oc-179">
         <name>.debug_info</name>
         <load_address>0x6d4b</load_address>
         <run_address>0x6d4b</run_address>
         <size>0x1ab</size>
         <input_file_ref idref="fl-9f"/>
      </object_component>
      <object_component id="oc-17b">
         <name>.debug_info</name>
         <load_address>0x6ef6</load_address>
         <run_address>0x6ef6</run_address>
         <size>0xac</size>
         <input_file_ref idref="fl-94"/>
      </object_component>
      <object_component id="oc-17d">
         <name>.debug_info</name>
         <load_address>0x6fa2</load_address>
         <run_address>0x6fa2</run_address>
         <size>0xf6</size>
         <input_file_ref idref="fl-90"/>
      </object_component>
      <object_component id="oc-17f">
         <name>.debug_info</name>
         <load_address>0x7098</load_address>
         <run_address>0x7098</run_address>
         <size>0x12f</size>
         <input_file_ref idref="fl-8e"/>
      </object_component>
      <object_component id="oc-183">
         <name>.debug_info</name>
         <load_address>0x71c7</load_address>
         <run_address>0x71c7</run_address>
         <size>0xfc</size>
         <input_file_ref idref="fl-9b"/>
      </object_component>
      <object_component id="oc-187">
         <name>.debug_info</name>
         <load_address>0x72c3</load_address>
         <run_address>0x72c3</run_address>
         <size>0x209</size>
         <input_file_ref idref="fl-8e"/>
      </object_component>
      <object_component id="oc-18b">
         <name>.debug_info</name>
         <load_address>0x74cc</load_address>
         <run_address>0x74cc</run_address>
         <size>0x146</size>
         <input_file_ref idref="fl-8e"/>
      </object_component>
      <object_component id="oc-18f">
         <name>.debug_info</name>
         <load_address>0x7612</load_address>
         <run_address>0x7612</run_address>
         <size>0x321</size>
         <input_file_ref idref="fl-8e"/>
      </object_component>
      <object_component id="oc-194">
         <name>.debug_info</name>
         <load_address>0x7933</load_address>
         <run_address>0x7933</run_address>
         <size>0x16e</size>
         <input_file_ref idref="fl-8e"/>
      </object_component>
      <object_component id="oc-198">
         <name>.debug_info</name>
         <load_address>0x7aa1</load_address>
         <run_address>0x7aa1</run_address>
         <size>0xf3</size>
         <input_file_ref idref="fl-a0"/>
      </object_component>
      <object_component id="oc-19c">
         <name>.debug_info</name>
         <load_address>0x7b94</load_address>
         <run_address>0x7b94</run_address>
         <size>0x211</size>
         <input_file_ref idref="fl-8e"/>
      </object_component>
      <object_component id="oc-1a1">
         <name>.debug_info</name>
         <load_address>0x7da5</load_address>
         <run_address>0x7da5</run_address>
         <size>0xd2</size>
         <input_file_ref idref="fl-9e"/>
      </object_component>
      <object_component id="oc-1a3">
         <name>.debug_info</name>
         <load_address>0x7e77</load_address>
         <run_address>0x7e77</run_address>
         <size>0x139</size>
         <input_file_ref idref="fl-9c"/>
      </object_component>
      <object_component id="oc-1a7">
         <name>.debug_info</name>
         <load_address>0x7fb0</load_address>
         <run_address>0x7fb0</run_address>
         <size>0x12b</size>
         <input_file_ref idref="fl-a8"/>
      </object_component>
      <object_component id="oc-1a9">
         <name>.debug_info</name>
         <load_address>0x80db</load_address>
         <run_address>0x80db</run_address>
         <size>0x171</size>
         <input_file_ref idref="fl-aa"/>
      </object_component>
      <object_component id="oc-1ad">
         <name>.debug_info</name>
         <load_address>0x824c</load_address>
         <run_address>0x824c</run_address>
         <size>0x1f9</size>
         <input_file_ref idref="fl-ab"/>
      </object_component>
      <object_component id="oc-1b1">
         <name>.debug_info</name>
         <load_address>0x8445</load_address>
         <run_address>0x8445</run_address>
         <size>0x196</size>
         <input_file_ref idref="fl-ab"/>
      </object_component>
      <object_component id="oc-1b5">
         <name>.debug_info</name>
         <load_address>0x85db</load_address>
         <run_address>0x85db</run_address>
         <size>0x183</size>
         <input_file_ref idref="fl-a9"/>
      </object_component>
      <object_component id="oc-1bb">
         <name>.debug_info</name>
         <load_address>0x875e</load_address>
         <run_address>0x875e</run_address>
         <size>0xaa</size>
         <input_file_ref idref="fl-9c"/>
      </object_component>
      <object_component id="oc-1c0">
         <name>.debug_info</name>
         <load_address>0x8808</load_address>
         <run_address>0x8808</run_address>
         <size>0x12e</size>
         <input_file_ref idref="fl-9c"/>
      </object_component>
      <object_component id="oc-1c5">
         <name>.debug_info</name>
         <load_address>0x8936</load_address>
         <run_address>0x8936</run_address>
         <size>0x2c</size>
         <input_file_ref idref="fl-97"/>
      </object_component>
      <object_component id="oc-1ce">
         <name>.debug_info</name>
         <load_address>0x8962</load_address>
         <run_address>0x8962</run_address>
         <size>0xa6</size>
         <input_file_ref idref="fl-94"/>
      </object_component>
      <object_component id="oc-1d4">
         <name>.debug_info</name>
         <load_address>0x8a08</load_address>
         <run_address>0x8a08</run_address>
         <size>0x2db</size>
         <input_file_ref idref="fl-8e"/>
      </object_component>
      <object_component id="oc-1d8">
         <name>.debug_info</name>
         <load_address>0x8ce3</load_address>
         <run_address>0x8ce3</run_address>
         <size>0x12d</size>
         <input_file_ref idref="fl-8e"/>
      </object_component>
      <object_component id="oc-1dc">
         <name>.debug_info</name>
         <load_address>0x8e10</load_address>
         <run_address>0x8e10</run_address>
         <size>0x38b</size>
         <input_file_ref idref="fl-8e"/>
      </object_component>
      <object_component id="oc-1e1">
         <name>.debug_info</name>
         <load_address>0x919b</load_address>
         <run_address>0x919b</run_address>
         <size>0x2e5</size>
         <input_file_ref idref="fl-8e"/>
      </object_component>
      <object_component id="oc-1e5">
         <name>.debug_info</name>
         <load_address>0x9480</load_address>
         <run_address>0x9480</run_address>
         <size>0x1fe</size>
         <input_file_ref idref="fl-8e"/>
      </object_component>
      <object_component id="oc-1eb">
         <name>.debug_info</name>
         <load_address>0x967e</load_address>
         <run_address>0x967e</run_address>
         <size>0x7e</size>
         <input_file_ref idref="fl-8e"/>
      </object_component>
      <object_component id="oc-1f1">
         <name>.debug_info</name>
         <load_address>0x96fc</load_address>
         <run_address>0x96fc</run_address>
         <size>0x88</size>
         <input_file_ref idref="fl-a0"/>
      </object_component>
      <object_component id="oc-1f7">
         <name>.debug_info</name>
         <load_address>0x9784</load_address>
         <run_address>0x9784</run_address>
         <size>0x131</size>
         <input_file_ref idref="fl-8e"/>
      </object_component>
      <object_component id="oc-201">
         <name>.debug_info</name>
         <load_address>0x98b5</load_address>
         <run_address>0x98b5</run_address>
         <size>0xa9</size>
         <input_file_ref idref="fl-95"/>
      </object_component>
      <object_component id="oc-203">
         <name>.debug_info</name>
         <load_address>0x995e</load_address>
         <run_address>0x995e</run_address>
         <size>0x146</size>
         <input_file_ref idref="fl-ac"/>
      </object_component>
      <object_component id="oc-208">
         <name>.debug_info</name>
         <load_address>0x9aa4</load_address>
         <run_address>0x9aa4</run_address>
         <size>0xfe</size>
         <input_file_ref idref="fl-ab"/>
      </object_component>
      <object_component id="oc-20a">
         <name>.debug_info</name>
         <load_address>0x9ba2</load_address>
         <run_address>0x9ba2</run_address>
         <size>0x140</size>
         <input_file_ref idref="fl-ab"/>
      </object_component>
      <object_component id="oc-20e">
         <name>.debug_info</name>
         <load_address>0x9ce2</load_address>
         <run_address>0x9ce2</run_address>
         <size>0x140</size>
         <input_file_ref idref="fl-ab"/>
      </object_component>
      <object_component id="oc-213">
         <name>.debug_info</name>
         <load_address>0x9e22</load_address>
         <run_address>0x9e22</run_address>
         <size>0xf0</size>
         <input_file_ref idref="fl-ab"/>
      </object_component>
      <object_component id="oc-21a">
         <name>.debug_info</name>
         <load_address>0x9f12</load_address>
         <run_address>0x9f12</run_address>
         <size>0x1b5</size>
         <input_file_ref idref="fl-a3"/>
      </object_component>
      <object_component id="oc-21e">
         <name>.debug_info</name>
         <load_address>0xa0c7</load_address>
         <run_address>0xa0c7</run_address>
         <size>0x12a</size>
         <input_file_ref idref="fl-a3"/>
      </object_component>
      <object_component id="oc-222">
         <name>.debug_info</name>
         <load_address>0xa1f1</load_address>
         <run_address>0xa1f1</run_address>
         <size>0x14a</size>
         <input_file_ref idref="fl-a3"/>
      </object_component>
      <object_component id="oc-226">
         <name>.debug_info</name>
         <load_address>0xa33b</load_address>
         <run_address>0xa33b</run_address>
         <size>0x14c</size>
         <input_file_ref idref="fl-a3"/>
      </object_component>
      <object_component id="oc-22a">
         <name>.debug_info</name>
         <load_address>0xa487</load_address>
         <run_address>0xa487</run_address>
         <size>0x154</size>
         <input_file_ref idref="fl-a3"/>
      </object_component>
      <object_component id="oc-22e">
         <name>.debug_info</name>
         <load_address>0xa5db</load_address>
         <run_address>0xa5db</run_address>
         <size>0x191</size>
         <input_file_ref idref="fl-a3"/>
      </object_component>
      <object_component id="oc-232">
         <name>.debug_info</name>
         <load_address>0xa76c</load_address>
         <run_address>0xa76c</run_address>
         <size>0x2db</size>
         <input_file_ref idref="fl-a3"/>
      </object_component>
      <object_component id="oc-23a">
         <name>.debug_info</name>
         <load_address>0xaa47</load_address>
         <run_address>0xaa47</run_address>
         <size>0x157</size>
         <input_file_ref idref="fl-9d"/>
      </object_component>
      <object_component id="oc-243">
         <name>.debug_info</name>
         <load_address>0xab9e</load_address>
         <run_address>0xab9e</run_address>
         <size>0xc9</size>
         <input_file_ref idref="fl-96"/>
      </object_component>
      <object_component id="oc-247">
         <name>.debug_info</name>
         <load_address>0xac67</load_address>
         <run_address>0xac67</run_address>
         <size>0x163</size>
         <input_file_ref idref="fl-99"/>
      </object_component>
      <object_component id="oc-24b">
         <name>.debug_info</name>
         <load_address>0xadca</load_address>
         <run_address>0xadca</run_address>
         <size>0x1e8</size>
         <input_file_ref idref="fl-9a"/>
      </object_component>
      <object_component id="oc-252">
         <name>.debug_info</name>
         <load_address>0xafb2</load_address>
         <run_address>0xafb2</run_address>
         <size>0x11c</size>
         <input_file_ref idref="fl-9c"/>
      </object_component>
      <object_component id="oc-256">
         <name>.debug_info</name>
         <load_address>0xb0ce</load_address>
         <run_address>0xb0ce</run_address>
         <size>0x11d</size>
         <input_file_ref idref="fl-9c"/>
      </object_component>
      <object_component id="oc-25a">
         <name>.debug_info</name>
         <load_address>0xb1eb</load_address>
         <run_address>0xb1eb</run_address>
         <size>0xab</size>
         <input_file_ref idref="fl-95"/>
      </object_component>
      <object_component id="oc-25c">
         <name>.debug_info</name>
         <load_address>0xb296</load_address>
         <run_address>0xb296</run_address>
         <size>0x1d2</size>
         <input_file_ref idref="fl-ac"/>
      </object_component>
      <object_component id="oc-263">
         <name>.debug_info</name>
         <load_address>0xb468</load_address>
         <run_address>0xb468</run_address>
         <size>0xaa</size>
         <input_file_ref idref="fl-a3"/>
      </object_component>
      <object_component id="oc-265">
         <name>.debug_info</name>
         <load_address>0xb512</load_address>
         <run_address>0xb512</run_address>
         <size>0x1d2</size>
         <input_file_ref idref="fl-a4"/>
      </object_component>
      <object_component id="oc-269">
         <name>.debug_info</name>
         <load_address>0xb6e4</load_address>
         <run_address>0xb6e4</run_address>
         <size>0x1a5</size>
         <input_file_ref idref="fl-a4"/>
      </object_component>
      <object_component id="oc-26d">
         <name>.debug_info</name>
         <load_address>0xb889</load_address>
         <run_address>0xb889</run_address>
         <size>0x15e</size>
         <input_file_ref idref="fl-a3"/>
      </object_component>
      <object_component id="oc-275">
         <name>.debug_info</name>
         <load_address>0xb9e7</load_address>
         <run_address>0xb9e7</run_address>
         <size>0xe6</size>
         <input_file_ref idref="fl-9d"/>
      </object_component>
      <object_component id="oc-279">
         <name>.debug_info</name>
         <load_address>0xbacd</load_address>
         <run_address>0xbacd</run_address>
         <size>0x11f</size>
         <input_file_ref idref="fl-8a"/>
      </object_component>
      <object_component id="oc-27d">
         <name>.debug_info</name>
         <load_address>0xbbec</load_address>
         <run_address>0xbbec</run_address>
         <size>0x10d</size>
         <input_file_ref idref="fl-9a"/>
      </object_component>
      <object_component id="oc-283">
         <name>.debug_info</name>
         <load_address>0xbcf9</load_address>
         <run_address>0xbcf9</run_address>
         <size>0x254</size>
         <input_file_ref idref="fl-9c"/>
      </object_component>
      <object_component id="oc-28e">
         <name>.debug_info</name>
         <load_address>0xbf4d</load_address>
         <run_address>0xbf4d</run_address>
         <size>0xaf</size>
         <input_file_ref idref="fl-a4"/>
      </object_component>
      <object_component id="oc-290">
         <name>.debug_info</name>
         <load_address>0xbffc</load_address>
         <run_address>0xbffc</run_address>
         <size>0xc9</size>
         <input_file_ref idref="fl-a4"/>
      </object_component>
      <object_component id="oc-299">
         <name>.debug_info</name>
         <load_address>0xc0c5</load_address>
         <run_address>0xc0c5</run_address>
         <size>0x1cc</size>
         <input_file_ref idref="fl-9c"/>
      </object_component>
      <object_component id="oc-2c1">
         <name>.debug_info</name>
         <load_address>0xc291</load_address>
         <run_address>0xc291</run_address>
         <size>0xc0</size>
      </object_component>
      <object_component id="oc-e">
         <name>.debug_line</name>
         <load_address>0x0</load_address>
         <run_address>0x0</run_address>
         <size>0x40</size>
         <input_file_ref idref="fl-83"/>
      </object_component>
      <object_component id="oc-12">
         <name>.debug_line</name>
         <load_address>0x40</load_address>
         <run_address>0x40</run_address>
         <size>0x4b</size>
         <input_file_ref idref="fl-84"/>
      </object_component>
      <object_component id="oc-16">
         <name>.debug_line</name>
         <load_address>0x8b</load_address>
         <run_address>0x8b</run_address>
         <size>0x59</size>
         <input_file_ref idref="fl-86"/>
      </object_component>
      <object_component id="oc-1a">
         <name>.debug_line</name>
         <load_address>0xe4</load_address>
         <run_address>0xe4</run_address>
         <size>0x4a</size>
         <input_file_ref idref="fl-85"/>
      </object_component>
      <object_component id="oc-22">
         <name>.debug_line</name>
         <load_address>0x12e</load_address>
         <run_address>0x12e</run_address>
         <size>0x50</size>
         <input_file_ref idref="fl-91"/>
      </object_component>
      <object_component id="oc-26">
         <name>.debug_line</name>
         <load_address>0x17e</load_address>
         <run_address>0x17e</run_address>
         <size>0x42</size>
         <input_file_ref idref="fl-8f"/>
      </object_component>
      <object_component id="oc-2a">
         <name>.debug_line</name>
         <load_address>0x1c0</load_address>
         <run_address>0x1c0</run_address>
         <size>0x3e</size>
         <input_file_ref idref="fl-88"/>
      </object_component>
      <object_component id="oc-2f">
         <name>.debug_line</name>
         <load_address>0x1fe</load_address>
         <run_address>0x1fe</run_address>
         <size>0x4d</size>
         <input_file_ref idref="fl-8b"/>
      </object_component>
      <object_component id="oc-33">
         <name>.debug_line</name>
         <load_address>0x24b</load_address>
         <run_address>0x24b</run_address>
         <size>0x3a</size>
         <input_file_ref idref="fl-84"/>
      </object_component>
      <object_component id="oc-39">
         <name>.debug_line</name>
         <load_address>0x285</load_address>
         <run_address>0x285</run_address>
         <size>0x34</size>
         <input_file_ref idref="fl-86"/>
      </object_component>
      <object_component id="oc-3f">
         <name>.debug_line</name>
         <load_address>0x2b9</load_address>
         <run_address>0x2b9</run_address>
         <size>0x62</size>
         <input_file_ref idref="fl-85"/>
      </object_component>
      <object_component id="oc-44">
         <name>.debug_line</name>
         <load_address>0x31b</load_address>
         <run_address>0x31b</run_address>
         <size>0x39</size>
         <input_file_ref idref="fl-85"/>
      </object_component>
      <object_component id="oc-49">
         <name>.debug_line</name>
         <load_address>0x354</load_address>
         <run_address>0x354</run_address>
         <size>0x2a</size>
         <input_file_ref idref="fl-83"/>
      </object_component>
      <object_component id="oc-4c">
         <name>.debug_line</name>
         <load_address>0x37e</load_address>
         <run_address>0x37e</run_address>
         <size>0x2c</size>
         <input_file_ref idref="fl-ab"/>
      </object_component>
      <object_component id="oc-50">
         <name>.debug_line</name>
         <load_address>0x3aa</load_address>
         <run_address>0x3aa</run_address>
         <size>0x47</size>
         <input_file_ref idref="fl-93"/>
      </object_component>
      <object_component id="oc-54">
         <name>.debug_line</name>
         <load_address>0x3f1</load_address>
         <run_address>0x3f1</run_address>
         <size>0x49</size>
         <input_file_ref idref="fl-a1"/>
      </object_component>
      <object_component id="oc-58">
         <name>.debug_line</name>
         <load_address>0x43a</load_address>
         <run_address>0x43a</run_address>
         <size>0x4a</size>
         <input_file_ref idref="fl-92"/>
      </object_component>
      <object_component id="oc-5d">
         <name>.debug_line</name>
         <load_address>0x484</load_address>
         <run_address>0x484</run_address>
         <size>0x8d</size>
         <input_file_ref idref="fl-4"/>
      </object_component>
      <object_component id="oc-62">
         <name>.debug_line</name>
         <load_address>0x511</load_address>
         <run_address>0x511</run_address>
         <size>0x20</size>
         <input_file_ref idref="fl-83"/>
      </object_component>
      <object_component id="oc-6a">
         <name>.debug_line</name>
         <load_address>0x531</load_address>
         <run_address>0x531</run_address>
         <size>0x38</size>
         <input_file_ref idref="fl-88"/>
      </object_component>
      <object_component id="oc-6e">
         <name>.debug_line</name>
         <load_address>0x569</load_address>
         <run_address>0x569</run_address>
         <size>0x20</size>
         <input_file_ref idref="fl-84"/>
      </object_component>
      <object_component id="oc-74">
         <name>.debug_line</name>
         <load_address>0x589</load_address>
         <run_address>0x589</run_address>
         <size>0x44</size>
         <input_file_ref idref="fl-84"/>
      </object_component>
      <object_component id="oc-7a">
         <name>.debug_line</name>
         <load_address>0x5cd</load_address>
         <run_address>0x5cd</run_address>
         <size>0x44</size>
         <input_file_ref idref="fl-85"/>
      </object_component>
      <object_component id="oc-81">
[...]
            <object_component_ref idref="oc-b1"/>
            <object_component_ref idref="oc-c1"/>
            <object_component_ref idref="oc-e4"/>
            <object_component_ref idref="oc-ee"/>
            <object_component_ref idref="oc-f4"/>
            <object_component_ref idref="oc-11f"/>
            <object_component_ref idref="oc-126"/>
            <object_component_ref idref="oc-15c"/>
            <object_component_ref idref="oc-175"/>
            <object_component_ref idref="oc-1c4"/>
            <object_component_ref idref="oc-1c9"/>
            <object_component_ref idref="oc-1ef"/>
            <object_component_ref idref="oc-1f5"/>
         </contents>
      </logical_group>
      <logical_group id="lg-2b9">
         <name>.debug_frame</name>
         <load_address>0x0</load_address>
         <run_address>0x0</run_address>
         <size>0x145</size>
         <contents>
            <object_component_ref idref="oc-5e"/>
         </contents>
      </logical_group>
      <load_segment id="lg-2c4">
         <name>SEGMENT_0</name>
         <load_address>0x800000</load_address>
         <run_address>0x800000</run_address>
         <size>0x61e0</size>
         <flags>0x5</flags>
         <contents>
            <logical_group_ref idref="lg-2"/>
         </contents>
      </load_segment>
      <load_segment id="lg-2c5">
         <name>SEGMENT_1</name>
         <run_address>0x8061e0</run_address>
         <size>0xa000</size>
         <flags>0x6</flags>
         <contents>
            <logical_group_ref idref="lg-b"/>
            <logical_group_ref idref="lg-a"/>
         </contents>
      </load_segment>
      <load_segment id="lg-2c6">
         <name>SEGMENT_2</name>
         <load_address>0x8101e0</load_address>
         <run_address>0x8101e0</run_address>
         <size>0x31c</size>
         <flags>0x6</flags>
         <contents>
            <logical_group_ref idref="lg-9"/>
         </contents>
      </load_segment>
      <load_segment id="lg-2c7">
         <name>SEGMENT_3</name>
         <load_address>0x810500</load_address>
         <run_address>0x810500</run_address>
         <size>0x163</size>
         <flags>0x4</flags>
         <contents>
            <logical_group_ref idref="lg-5"/>
         </contents>
      </load_segment>
      <load_segment id="lg-2c8">
         <name>SEGMENT_4</name>
         <run_address>0x810668</run_address>
         <size>0x268</size>
         <flags>0x6</flags>
         <contents>
            <logical_group_ref idref="lg-7"/>
            <logical_group_ref idref="lg-6"/>
         </contents>
      </load_segment>
      <load_segment id="lg-2c9">
         <name>SEGMENT_5</name>
         <load_address>0x8108d0</load_address>
         <run_address>0x8108d0</run_address>
         <size>0x94</size>
         <flags>0x4</flags>
         <contents>
            <logical_group_ref idref="lg-4"/>
         </contents>
      </load_segment>
   </logical_group_list>
   <placement_map>
      <memory_area>
         <name>L2SRAM</name>
         <page_id>0x0</page_id>
         <origin>0x800000</origin>
         <length>0x80000</length>
         <used_space>0x1095b</used_space>
         <unused_space>0x6f6a5</unused_space>
         <attributes>RWIX</attributes>
         <usage_details>
            <allocated_space>
               <start_address>0x800000</start_address>
               <size>0x61e0</size>
               <logical_group_ref idref="lg-2"/>
            </allocated_space>
            <allocated_space>
               <start_address>0x8061e0</start_address>
               <size>0x5000</size>
               <logical_group_ref idref="lg-b"/>
            </allocated_space>
            <allocated_space>
               <start_address>0x80b1e0</start_address>
               <size>0x5000</size>
               <logical_group_ref idref="lg-a"/>
            </allocated_space>
            <allocated_space>
               <start_address>0x8101e0</start_address>
               <size>0x31c</size>
               <logical_group_ref idref="lg-9"/>
            </allocated_space>
            <available_space>
               <start_address>0x8104fc</start_address>
               <size>0x4</size>
            </available_space>
            <allocated_space>
               <start_address>0x810500</start_address>
               <size>0x163</size>
               <logical_group_ref idref="lg-5"/>
            </allocated_space>
            <available_space>
               <start_address>0x810663</start_address>
               <size>0x5</size>
            </available_space>
            <allocated_space>
               <start_address>0x810668</start_address>
               <size>0x148</size>
               <logical_group_ref idref="lg-7"/>
            </allocated_space>
            <allocated_space>
               <start_address>0x8107b0</start_address>
               <size>0x120</size>
               <logical_group_ref idref="lg-6"/>
            </allocated_space>
            <allocated_space>
               <start_address>0x8108d0</start_address>
               <size>0x94</size>
               <logical_group_ref idref="lg-4"/>
            </allocated_space>
            <available_space>
               <start_address>0x810964</start_address>
               <size>0x6f69c</size>
            </available_space>
         </usage_details>
      </memory_area>
   </placement_map>
   <cptbl_list>
      <cptbl>
         <name>__TI_cinit_table</name>
         <cprec>
            <name>.fardata</name>
            <load_address>0x8108d0</load_address>
            <load_size>0x70</load_size>
            <run_address>0x8101e0</run_address>
            <run_size>0x31c</run_size>
            <compression>rle</compression>
         </cprec>
         <cprec>
            <name>.far</name>
            <load_address>0x81094c</load_address>
            <load_size>0x8</load_size>
            <run_address>0x810668</run_address>
            <run_size>0x148</run_size>
            <compression>zero_init</compression>
         </cprec>
      </cptbl>
   </cptbl_list>
   <handler_table>
      <handler_table_name>__TI_handler_table</handler_table_name>
      <handler>
         <index>0x0</index>
         <name>__TI_zero_init</name>
      </handler>
      <handler>
         <index>0x1</index>
         <name>__TI_decompress_rle24</name>
      </handler>
      <handler>
         <index>0x2</index>
         <name>__TI_decompress_none</name>
      </handler>
   </handler_table>
   <symbol_table>
      <symbol id="sm-1">
         <name>__TI_CINIT_Base</name>
         <value>0x810954</value>
      </symbol>
      <symbol id="sm-2">
         <name>__TI_CINIT_Limit</name>
         <value>0x810964</value>
      </symbol>
      <symbol id="sm-3">
         <name>__TI_Handler_Table_Base</name>
         <value>0x810940</value>
      </symbol>
      <symbol id="sm-4">
         <name>__TI_Handler_Table_Limit</name>
         <value>0x81094c</value>
      </symbol>
      <symbol id="sm-5">
         <name>binit</name>
         <value>0xffffffff</value>
      </symbol>
      <symbol id="sm-6">
         <name>__binit__</name>
         <value>0xffffffff</value>
      </symbol>
      <symbol id="sm-7">
         <name>__TI_STACK_SIZE</name>
         <value>0x5000</value>
      </symbol>
      <symbol id="sm-8">
         <name>__TI_STACK_END</name>
         <value>0x80b1e0</value>
      </symbol>
      <symbol id="sm-9">
         <name>__TI_SYSMEM_SIZE</name>
         <value>0x5000</value>
      </symbol>
      <symbol id="sm-a">
         <name>__c_args__</name>
         <value>0xffffffff</value>
      </symbol>
      <symbol id="sm-b">
         <name>__TI_pprof_out_hndl</name>
         <value>0xffffffff</value>
      </symbol>
      <symbol id="sm-c">
         <name>__TI_prof_data_start</name>
         <value>0xffffffff</value>
      </symbol>
      <symbol id="sm-d">
         <name>__TI_prof_data_size</name>
         <value>0xffffffff</value>
      </symbol>
      <symbol id="sm-4d">
         <name>productf</name>
         <value>0x803780</value>
         <object_component_ref idref="oc-5b"/>
      </symbol>
      <symbol id="sm-4e">
         <name>main</name>
         <value>0x803640</value>
         <object_component_ref idref="oc-5b"/>
      </symbol>
      <symbol id="sm-56">
         <name>_CSL_tscEnable</name>
         <value>0x806180</value>
         <object_component_ref idref="oc-9e"/>
      </symbol>
      <symbol id="sm-57">
         <name>_CSL_tscRead</name>
         <value>0x806188</value>
         <object_component_ref idref="oc-9e"/>
      </symbol>
      <symbol id="sm-74">
         <name>_c_int00</name>
         <value>0x805c60</value>
         <object_component_ref idref="oc-c"/>
      </symbol>
      <symbol id="sm-75">
         <name>_stack</name>
         <value>0x8061e0</value>
         <object_component_ref idref="oc-1c"/>
      </symbol>
      <symbol id="sm-8e">
         <name>__TI_decompress_none</name>
         <value>0x8061a0</value>
         <object_component_ref idref="oc-10"/>
      </symbol>
      <symbol id="sm-af">
         <name>__TI_decompress_rle24</name>
         <value>0x8061c0</value>
         <object_component_ref idref="oc-18"/>
      </symbol>
      <symbol id="sm-bf">
         <name>__TI_zero_init</name>
         <value>0x804ba0</value>
         <object_component_ref idref="oc-14"/>
      </symbol>
      <symbol id="sm-d2">
         <name>__c6xabi_divd</name>
         <value>0x800000</value>
         <object_component_ref idref="oc-9a"/>
      </symbol>
      <symbol id="sm-f1">
         <name>C$$EXIT</name>
         <value>0x806160</value>
         <object_component_ref idref="oc-68"/>
      </symbol>
      <symbol id="sm-f2">
         <name>_dtors_ptr</name>
         <value>0x8104dc</value>
         <object_component_ref idref="oc-66"/>
      </symbol>
      <symbol id="sm-f3">
         <name>abort</name>
         <value>0x806160</value>
         <object_component_ref idref="oc-68"/>
      </symbol>
      <symbol id="sm-f4">
         <name>_cleanup_ptr</name>
         <value>0x8104d8</value>
         <object_component_ref idref="oc-66"/>
      </symbol>
      <symbol id="sm-f5">
         <name>exit</name>
         <value>0x8052e0</value>
         <object_component_ref idref="oc-28"/>
      </symbol>
      <symbol id="sm-f6">
         <name>__TI_enable_exit_profile_output</name>
         <value>0x8104e0</value>
         <object_component_ref idref="oc-66"/>
      </symbol>
      <symbol id="sm-fd">
         <name>__c6xabi_frcmpyd_div</name>
         <value>0x805e40</value>
         <object_component_ref idref="oc-c8"/>
      </symbol>
      <symbol id="sm-11d">
         <name>__c6xabi_llshru</name>
         <value>0x805ea0</value>
         <object_component_ref idref="oc-c4"/>
      </symbol>
      <symbol id="sm-11e">
         <name>__c6xabi_llshl</name>
         <value>0x805be0</value>
         <object_component_ref idref="oc-278"/>
      </symbol>
      <symbol id="sm-125">
         <name>memcpy</name>
         <value>0x805960</value>
         <object_component_ref idref="oc-2d"/>
      </symbol>
      <symbol id="sm-145">
         <name>printf</name>
         <value>0x804e40</value>
         <object_component_ref idref="oc-a2"/>
      </symbol>
      <symbol id="sm-153">
         <name>_nop</name>
         <value>0x806100</value>
         <object_component_ref idref="oc-f5"/>
      </symbol>
      <symbol id="sm-154">
         <name>_lock</name>
         <value>0x8104f0</value>
         <object_component_ref idref="oc-ce"/>
      </symbol>
      <symbol id="sm-155">
         <name>_unlock</name>
         <value>0x8104f4</value>
         <object_component_ref idref="oc-ce"/>
      </symbol>
      <symbol id="sm-29b">
         <name>_printfi</name>
         <value>0x800b80</value>
         <object_component_ref idref="oc-da"/>
      </symbol>
      <symbol id="sm-2a2">
         <name>_args_main</name>
         <value>0x8060a0</value>
         <object_component_ref idref="oc-24"/>
      </symbol>
      <symbol id="sm-2b0">
         <name>atoi</name>
         <value>0x8049e0</value>
         <object_component_ref idref="oc-142"/>
      </symbol>
      <symbol id="sm-2bc">
         <name>_auto_init_elf</name>
         <value>0x804520</value>
         <object_component_ref idref="oc-20"/>
      </symbol>
      <symbol id="sm-2c6">
         <name>__TI_cpp_init</name>
         <value>0x805de0</value>
         <object_component_ref idref="oc-56"/>
      </symbol>
      <symbol id="sm-2db">
         <name>copy_in</name>
         <value>0x804720</value>
         <object_component_ref idref="oc-4e"/>
      </symbol>
      <symbol id="sm-2e4">
         <name>_ctypes_</name>
         <value>0x810500</value>
         <object_component_ref idref="oc-17a"/>
      </symbol>
      <symbol id="sm-2f5">
         <name>_tmpnams</name>
         <value>0x810668</value>
         <object_component_ref idref="oc-259"/>
      </symbol>
      <symbol id="sm-2f6">
         <name>_ftable</name>
         <value>0x8101e0</value>
         <object_component_ref idref="oc-d0"/>
      </symbol>
      <symbol id="sm-2f7">
         <name>_ft_end</name>
         <value>0x8104f8</value>
         <object_component_ref idref="oc-200"/>
      </symbol>
      <symbol id="sm-2ff">
         <name>__c6xabi_divu</name>
         <value>0x805160</value>
         <object_component_ref idref="oc-242"/>
      </symbol>
      <symbol id="sm-300">
         <name>__divu</name>
         <value>0x805160</value>
         <object_component_ref idref="oc-242"/>
      </symbol>
      <symbol id="sm-320">
         <name>fputc</name>
         <value>0x802e60</value>
         <object_component_ref idref="oc-104"/>
      </symbol>
      <symbol id="sm-33f">
         <name>fputs</name>
         <value>0x801440</value>
         <object_component_ref idref="oc-ff"/>
      </symbol>
      <symbol id="sm-348">
         <name>__c6xabi_divul</name>
         <value>0x8039a0</value>
         <object_component_ref idref="oc-246"/>
      </symbol>
      <symbol id="sm-35b">
         <name>_subcull</name>
         <value>0x805f00</value>
         <object_component_ref idref="oc-27c"/>
      </symbol>
      <symbol id="sm-35c">
         <name>__c6xabi_divull</name>
         <value>0x802580</value>
         <object_component_ref idref="oc-24a"/>
      </symbol>
      <symbol id="sm-363">
         <name>__c6xabi_isinf</name>
         <value>0x806020</value>
         <object_component_ref idref="oc-182"/>
      </symbol>
      <symbol id="sm-3b7">
         <name>lseek</name>
         <value>0x8058c0</value>
         <object_component_ref idref="oc-1a2"/>
      </symbol>
      <symbol id="sm-3b8">
         <name>write</name>
         <value>0x805b40</value>
         <object_component_ref idref="oc-135"/>
      </symbol>
      <symbol id="sm-3b9">
         <name>close</name>
         <value>0x804ac0</value>
         <object_component_ref idref="oc-251"/>
      </symbol>
      <symbol id="sm-3ba">
         <name>unlink</name>
         <value>0x805d60</value>
         <object_component_ref idref="oc-255"/>
      </symbol>
      <symbol id="sm-3c4">
         <name>ltoa</name>
         <value>0x804c80</value>
         <object_component_ref idref="oc-239"/>
      </symbol>
      <symbol id="sm-3d1">
         <name>memccpy</name>
         <value>0x805f60</value>
         <object_component_ref idref="oc-14f"/>
      </symbol>
      <symbol id="sm-3dc">
         <name>memset</name>
         <value>0x804d60</value>
         <object_component_ref idref="oc-13e"/>
      </symbol>
      <symbol id="sm-3e8">
         <name>__c6xabi_negll</name>
         <value>0x8060e0</value>
         <object_component_ref idref="oc-197"/>
      </symbol>
      <symbol id="sm-3f5">
         <name>__TI_tls_init</name>
         <value>0x8053a0</value>
         <object_component_ref idref="oc-52"/>
      </symbol>
      <symbol id="sm-433">
         <name>HOSTrename</name>
         <value>0x803800</value>
         <object_component_ref idref="oc-231"/>
      </symbol>
      <symbol id="sm-434">
         <name>HOSTclose</name>
         <value>0x805460</value>
         <object_component_ref idref="oc-21d"/>
      </symbol>
      <symbol id="sm-435">
         <name>HOSTunlink</name>
         <value>0x804fe0</value>
         <object_component_ref idref="oc-22d"/>
      </symbol>
      <symbol id="sm-436">
         <name>HOSTlseek</name>
         <value>0x804420</value>
         <object_component_ref idref="oc-229"/>
      </symbol>
      <symbol id="sm-437">
         <name>HOSTopen</name>
         <value>0x804820</value>
         <object_component_ref idref="oc-219"/>
      </symbol>
      <symbol id="sm-438">
         <name>HOSTwrite</name>
         <value>0x8050a0</value>
         <object_component_ref idref="oc-225"/>
      </symbol>
      <symbol id="sm-439">
         <name>HOSTread</name>
         <value>0x804f20</value>
         <object_component_ref idref="oc-221"/>
      </symbol>
      <symbol id="sm-44e">
         <name>writemsg</name>
         <value>0x805fc0</value>
         <object_component_ref idref="oc-264"/>
      </symbol>
      <symbol id="sm-44f">
         <name>C$$IO$$</name>
         <value>0x806018</value>
         <object_component_ref idref="oc-264"/>
      </symbol>
      <symbol id="sm-450">
         <name>__CIOBUF_</name>
         <value>0x8107b0</value>
         <object_component_ref idref="oc-28d"/>
      </symbol>
      <symbol id="sm-451">
         <name>readmsg</name>
         <value>0x805ce0</value>
         <object_component_ref idref="oc-268"/>
      </symbol>
      <symbol id="sm-460">
         <name>_wrt_ok</name>
         <value>0x804620</value>
         <object_component_ref idref="oc-12d"/>
      </symbol>
      <symbol id="sm-46e">
         <name>_doflush</name>
         <value>0x805220</value>
         <object_component_ref idref="oc-131"/>
      </symbol>
      <symbol id="sm-47f">
         <name>fseek</name>
         <value>0x804300</value>
         <object_component_ref idref="oc-15f"/>
      </symbol>
      <symbol id="sm-495">
         <name>setvbuf</name>
         <value>0x803280</value>
         <object_component_ref idref="oc-163"/>
      </symbol>
      <symbol id="sm-4a0">
         <name>_cleanup</name>
         <value>0x805500</value>
         <object_component_ref idref="oc-1a8"/>
      </symbol>
      <symbol id="sm-4f1">
         <name>_sys_memory</name>
         <value>0x80b1e0</value>
         <object_component_ref idref="oc-1e"/>
      </symbol>
      <symbol id="sm-4f2">
         <name>free</name>
         <value>0x802300</value>
         <object_component_ref idref="oc-1ac"/>
      </symbol>
      <symbol id="sm-4f3">
         <name>malloc</name>
         <value>0x803cc0</value>
         <object_component_ref idref="oc-1b0"/>
      </symbol>
      <symbol id="sm-4f4">
         <name>_minit</name>
         <value>0x8056e0</value>
         <object_component_ref idref="oc-212"/>
      </symbol>
      <symbol id="sm-506">
         <name>_closefile</name>
         <value>0x8040c0</value>
         <object_component_ref idref="oc-202"/>
      </symbol>
      <symbol id="sm-508">
         <name>__TI_STATIC_BASE</name>
         <value>0x0</value>
      </symbol>
      <symbol id="sm-509">
         <name>__TI_args_main</name>
         <value>0x1</value>
      </symbol>
      <symbol id="sm-50a">
         <name>__TI_INITARRAY_Base</name>
         <value>0x0</value>
      </symbol>
      <symbol id="sm-50b">
         <name>__TI_INITARRAY_Limit</name>
         <value>0x0</value>
      </symbol>
      <symbol id="sm-50c">
         <name>__TI_TLS_INIT_Base</name>
         <value>0x0</value>
      </symbol>
      <symbol id="sm-50d">
         <name>__TI_TLS_INIT_Limit</name>
         <value>0x0</value>
      </symbol>
      <symbol id="sm-510">
         <name>remove</name>
         <value>0x805d60</value>
      </symbol>
   </symbol_table>
</link_info>
